$ python3 scripts/ulbc_v2/3.test/expert_stairway_perturbation.py --push_force 50 --push_interval 10 --push_duration 10

Creating window for environment.
[INFO]: Completed setting up the environment...
Using cuda device
Actor MLP: Sequential(
  (0): Linear(in_features=256, out_features=512, bias=True)
  (1): ELU(alpha=1.0)
  (2): Linear(in_features=512, out_features=256, bias=True)
  (3): ELU(alpha=1.0)
  (4): Linear(in_features=256, out_features=128, bias=True)
  (5): ELU(alpha=1.0)
  (6): Linear(in_features=128, out_features=19, bias=True)
)
Critic MLP: Sequential(
  (0): Linear(in_features=256, out_features=512, bias=True)
  (1): ELU(alpha=1.0)
  (2): Linear(in_features=512, out_features=256, bias=True)
  (3): ELU(alpha=1.0)
  (4): Linear(in_features=256, out_features=128, bias=True)
  (5): ELU(alpha=1.0)
  (6): Linear(in_features=128, out_features=1, bias=True)
)
Pushing default root body: pelvis (pass --push_body_name to target a different link)
root height right after reset: 1.7815172672271729
[step 10] Applying push: 50.0 N at angle 187.5 deg
[step 30] Applying push: 50.0 N at angle 341.4 deg
[step 50] Applying push: 50.0 N at angle 349.7 deg
[step 70] Applying push: 50.0 N at angle 272.0 deg
[step 90] Applying push: 50.0 N at angle 52.5 deg
[step 110] Applying push: 50.0 N at angle 191.4 deg
[step 130] Applying push: 50.0 N at angle 38.0 deg
[step 150] Applying push: 50.0 N at angle 307.2 deg
[step 170] Applying push: 50.0 N at angle 52.6 deg
[step 190] Applying push: 50.0 N at angle 44.1 deg
[step 210] Applying push: 50.0 N at angle 61.9 deg
[step 230] Applying push: 50.0 N at angle 245.6 deg
root height right after reset: 1.7815172672271729
termination log: {'Episode_Reward/track_lin_vel_xy_exp': tensor(0.8872, device='cuda:0'), 'Episode_Reward/track_ang_vel_z_exp': tensor(0.9659, device='cuda:0'), 'Episode_Reward/ang_vel_xy_l2': tensor(-0.0081, device='cuda:0'), 'Episode_Reward/dof_torques_l2': tensor(0., device='cuda:0'), 'Episode_Reward/dof_acc_l2': tensor(-0.0127, device='cuda:0'), 'Episode_Reward/action_rate_l2': tensor(-0.0056, device='cuda:0'), 'Episode_Reward/feet_air_time': tensor(0.0184, device='cuda:0'), 'Episode_Reward/flat_orientation_l2': tensor(-0.0038, device='cuda:0'), 'Episode_Reward/dof_pos_limits': tensor(-2.4061e-05, device='cuda:0'), 'Episode_Reward/termination_penalty': tensor(0., device='cuda:0'), 'Episode_Reward/feet_slide': tensor(-0.0184, device='cuda:0'), 'Episode_Reward/joint_deviation_hip': tensor(-0.0222, device='cuda:0'), 'Episode_Reward/joint_deviation_arms': tensor(-0.0243, device='cuda:0'), 'Episode_Reward/joint_deviation_torso': tensor(-0.0049, device='cuda:0'), 'Curriculum/terrain_levels': 18.0, 'Metrics/base_velocity/error_vel_xy': 0.08090673387050629, 'Metrics/base_velocity/error_vel_yaw': 0.03232145681977272, 'Episode_Termination/time_out': 1, 'Episode_Termination/base_contact': 0}
Episode 1 over! Fell: False
[step 250] Applying push: 50.0 N at angle 110.8 deg
[step 270] Applying push: 50.0 N at angle 312.0 deg
[step 290] Applying push: 50.0 N at angle 146.1 deg
[step 310] Applying push: 50.0 N at angle 106.7 deg
[step 330] Applying push: 50.0 N at angle 279.2 deg
[step 350] Applying push: 50.0 N at angle 88.7 deg
[step 370] Applying push: 50.0 N at angle 91.0 deg
[step 390] Applying push: 50.0 N at angle 176.1 deg
[step 410] Applying push: 50.0 N at angle 256.5 deg
[step 430] Applying push: 50.0 N at angle 302.2 deg
[step 450] Applying push: 50.0 N at angle 188.7 deg
[step 470] Applying push: 50.0 N at angle 322.0 deg
[step 490] Applying push: 50.0 N at angle 300.4 deg
root height right after reset: 1.7815172672271729
termination log: {'Episode_Reward/track_lin_vel_xy_exp': tensor(0.9111, device='cuda:0'), 'Episode_Reward/track_ang_vel_z_exp': tensor(0.9840, device='cuda:0'), 'Episode_Reward/ang_vel_xy_l2': tensor(-0.0095, device='cuda:0'), 'Episode_Reward/dof_torques_l2': tensor(0., device='cuda:0'), 'Episode_Reward/dof_acc_l2': tensor(-0.0089, device='cuda:0'), 'Episode_Reward/action_rate_l2': tensor(-0.0061, device='cuda:0'), 'Episode_Reward/feet_air_time': tensor(0.0252, device='cuda:0'), 'Episode_Reward/flat_orientation_l2': tensor(-0.0019, device='cuda:0'), 'Episode_Reward/dof_pos_limits': tensor(-0.0014, device='cuda:0'), 'Episode_Reward/termination_penalty': tensor(0., device='cuda:0'), 'Episode_Reward/feet_slide': tensor(-0.0126, device='cuda:0'), 'Episode_Reward/joint_deviation_hip': tensor(-0.0246, device='cuda:0'), 'Episode_Reward/joint_deviation_arms': tensor(-0.0247, device='cuda:0'), 'Episode_Reward/joint_deviation_torso': tensor(-0.0055, device='cuda:0'), 'Curriculum/terrain_levels': 18.0, 'Metrics/base_velocity/error_vel_xy': 0.0673430860042572, 'Metrics/base_velocity/error_vel_yaw': 0.0218642670661211, 'Episode_Termination/time_out': 1, 'Episode_Termination/base_contact': 0}
Episode 2 over! Fell: False
[step 500] Applying push: 50.0 N at angle 264.1 deg
[step 520] Applying push: 50.0 N at angle 167.3 deg
[step 540] Applying push: 50.0 N at angle 135.8 deg
[step 560] Applying push: 50.0 N at angle 68.9 deg
[step 580] Applying push: 50.0 N at angle 281.7 deg
[step 600] Applying push: 50.0 N at angle 117.8 deg
[step 620] Applying push: 50.0 N at angle 89.4 deg
[step 640] Applying push: 50.0 N at angle 183.3 deg
[step 660] Applying push: 50.0 N at angle 146.0 deg
[step 680] Applying push: 50.0 N at angle 180.7 deg
[step 700] Applying push: 50.0 N at angle 184.2 deg
[step 720] Applying push: 50.0 N at angle 117.6 deg
[step 740] Applying push: 50.0 N at angle 72.7 deg
root height right after reset: 1.7815172672271729
termination log: {'Episode_Reward/track_lin_vel_xy_exp': tensor(0.9215, device='cuda:0'), 'Episode_Reward/track_ang_vel_z_exp': tensor(0.9839, device='cuda:0'), 'Episode_Reward/ang_vel_xy_l2': tensor(-0.0076, device='cuda:0'), 'Episode_Reward/dof_torques_l2': tensor(0., device='cuda:0'), 'Episode_Reward/dof_acc_l2': tensor(-0.0060, device='cuda:0'), 'Episode_Reward/action_rate_l2': tensor(-0.0031, device='cuda:0'), 'Episode_Reward/feet_air_time': tensor(0.0210, device='cuda:0'), 'Episode_Reward/flat_orientation_l2': tensor(-0.0016, device='cuda:0'), 'Episode_Reward/dof_pos_limits': tensor(-5.6112e-05, device='cuda:0'), 'Episode_Reward/termination_penalty': tensor(0., device='cuda:0'), 'Episode_Reward/feet_slide': tensor(-0.0088, device='cuda:0'), 'Episode_Reward/joint_deviation_hip': tensor(-0.0185, device='cuda:0'), 'Episode_Reward/joint_deviation_arms': tensor(-0.0195, device='cuda:0'), 'Episode_Reward/joint_deviation_torso': tensor(-0.0040, device='cuda:0'), 'Curriculum/terrain_levels': 18.0, 'Metrics/base_velocity/error_vel_xy': 0.062442656606435776, 'Metrics/base_velocity/error_vel_yaw': 0.021852247416973114, 'Episode_Termination/time_out': 1, 'Episode_Termination/base_contact': 0}
Episode 3 over! Fell: False
[step 750] Applying push: 50.0 N at angle 310.4 deg
[step 770] Applying push: 50.0 N at angle 227.6 deg
[step 790] Applying push: 50.0 N at angle 1.0 deg
[step 810] Applying push: 50.0 N at angle 308.3 deg
[step 830] Applying push: 50.0 N at angle 129.0 deg
[step 850] Applying push: 50.0 N at angle 145.6 deg
[step 870] Applying push: 50.0 N at angle 55.4 deg
[step 890] Applying push: 50.0 N at angle 318.2 deg
[step 910] Applying push: 50.0 N at angle 29.9 deg
[step 930] Applying push: 50.0 N at angle 133.6 deg
[step 950] Applying push: 50.0 N at angle 77.8 deg
[step 970] Applying push: 50.0 N at angle 237.9 deg
[step 990] Applying push: 50.0 N at angle 309.5 deg
root height right after reset: 1.8964803218841553
termination log: {'Episode_Reward/track_lin_vel_xy_exp': tensor(0.9073, device='cuda:0'), 'Episode_Reward/track_ang_vel_z_exp': tensor(0.9811, device='cuda:0'), 'Episode_Reward/ang_vel_xy_l2': tensor(-0.0089, device='cuda:0'), 'Episode_Reward/dof_torques_l2': tensor(0., device='cuda:0'), 'Episode_Reward/dof_acc_l2': tensor(-0.0128, device='cuda:0'), 'Episode_Reward/action_rate_l2': tensor(-0.0058, device='cuda:0'), 'Episode_Reward/feet_air_time': tensor(0.0240, device='cuda:0'), 'Episode_Reward/flat_orientation_l2': tensor(-0.0025, device='cuda:0'), 'Episode_Reward/dof_pos_limits': tensor(0., device='cuda:0'), 'Episode_Reward/termination_penalty': tensor(0., device='cuda:0'), 'Episode_Reward/feet_slide': tensor(-0.0125, device='cuda:0'), 'Episode_Reward/joint_deviation_hip': tensor(-0.0254, device='cuda:0'), 'Episode_Reward/joint_deviation_arms': tensor(-0.0250, device='cuda:0'), 'Episode_Reward/joint_deviation_torso': tensor(-0.0057, device='cuda:0'), 'Curriculum/terrain_levels': 19.0, 'Metrics/base_velocity/error_vel_xy': 0.07165054976940155, 'Metrics/base_velocity/error_vel_yaw': 0.02430356852710247, 'Episode_Termination/time_out': 1, 'Episode_Termination/base_contact': 0}
Episode 4 over! Fell: False
[step 1000] Applying push: 50.0 N at angle 334.5 deg
[step 1020] Applying push: 50.0 N at angle 231.9 deg
[step 1040] Applying push: 50.0 N at angle 298.0 deg
[step 1060] Applying push: 50.0 N at angle 51.8 deg
[step 1080] Applying push: 50.0 N at angle 56.9 deg
[step 1100] Applying push: 50.0 N at angle 254.6 deg
[step 1120] Applying push: 50.0 N at angle 316.0 deg
[step 1140] Applying push: 50.0 N at angle 183.4 deg
[step 1160] Applying push: 50.0 N at angle 208.6 deg
[step 1180] Applying push: 50.0 N at angle 25.7 deg
[step 1200] Applying push: 50.0 N at angle 198.8 deg
[step 1220] Applying push: 50.0 N at angle 25.0 deg
[step 1240] Applying push: 50.0 N at angle 142.1 deg
root height right after reset: 1.8964803218841553
termination log: {'Episode_Reward/track_lin_vel_xy_exp': tensor(0.9317, device='cuda:0'), 'Episode_Reward/track_ang_vel_z_exp': tensor(0.9813, device='cuda:0'), 'Episode_Reward/ang_vel_xy_l2': tensor(-0.0087, device='cuda:0'), 'Episode_Reward/dof_torques_l2': tensor(0., device='cuda:0'), 'Episode_Reward/dof_acc_l2': tensor(-0.0069, device='cuda:0'), 'Episode_Reward/action_rate_l2': tensor(-0.0048, device='cuda:0'), 'Episode_Reward/feet_air_time': tensor(0.0226, device='cuda:0'), 'Episode_Reward/flat_orientation_l2': tensor(-0.0023, device='cuda:0'), 'Episode_Reward/dof_pos_limits': tensor(-0.0009, device='cuda:0'), 'Episode_Reward/termination_penalty': tensor(0., device='cuda:0'), 'Episode_Reward/feet_slide': tensor(-0.0092, device='cuda:0'), 'Episode_Reward/joint_deviation_hip': tensor(-0.0208, device='cuda:0'), 'Episode_Reward/joint_deviation_arms': tensor(-0.0229, device='cuda:0'), 'Episode_Reward/joint_deviation_torso': tensor(-0.0045, device='cuda:0'), 'Curriculum/terrain_levels': 19.0, 'Metrics/base_velocity/error_vel_xy': 0.05950247496366501, 'Metrics/base_velocity/error_vel_yaw': 0.023694025352597237, 'Episode_Termination/time_out': 1, 'Episode_Termination/base_contact': 0}
Episode 5 over! Fell: False
[step 1250] Applying push: 50.0 N at angle 176.4 deg
[step 1270] Applying push: 50.0 N at angle 36.3 deg
[step 1290] Applying push: 50.0 N at angle 338.9 deg
[step 1310] Applying push: 50.0 N at angle 114.0 deg
[step 1330] Applying push: 50.0 N at angle 275.1 deg
[step 1350] Applying push: 50.0 N at angle 184.9 deg
[step 1370] Applying push: 50.0 N at angle 217.4 deg
[step 1390] Applying push: 50.0 N at angle 146.1 deg
[step 1410] Applying push: 50.0 N at angle 134.2 deg
[step 1430] Applying push: 50.0 N at angle 237.4 deg
[step 1450] Applying push: 50.0 N at angle 5.2 deg
[step 1470] Applying push: 50.0 N at angle 248.9 deg
[step 1490] Applying push: 50.0 N at angle 348.9 deg
root height right after reset: 2.10817289352417
termination log: {'Episode_Reward/track_lin_vel_xy_exp': tensor(0.8879, device='cuda:0'), 'Episode_Reward/track_ang_vel_z_exp': tensor(0.9480, device='cuda:0'), 'Episode_Reward/ang_vel_xy_l2': tensor(-0.0123, device='cuda:0'), 'Episode_Reward/dof_torques_l2': tensor(0., device='cuda:0'), 'Episode_Reward/dof_acc_l2': tensor(-0.0064, device='cuda:0'), 'Episode_Reward/action_rate_l2': tensor(-0.0075, device='cuda:0'), 'Episode_Reward/feet_air_time': tensor(0.0236, device='cuda:0'), 'Episode_Reward/flat_orientation_l2': tensor(-0.0030, device='cuda:0'), 'Episode_Reward/dof_pos_limits': tensor(-0.0013, device='cuda:0'), 'Episode_Reward/termination_penalty': tensor(0., device='cuda:0'), 'Episode_Reward/feet_slide': tensor(-0.0176, device='cuda:0'), 'Episode_Reward/joint_deviation_hip': tensor(-0.0291, device='cuda:0'), 'Episode_Reward/joint_deviation_arms': tensor(-0.0285, device='cuda:0'), 'Episode_Reward/joint_deviation_torso': tensor(-0.0060, device='cuda:0'), 'Curriculum/terrain_levels': 20.0, 'Metrics/base_velocity/error_vel_xy': 0.08103880286216736, 'Metrics/base_velocity/error_vel_yaw': 0.040736161172389984, 'Episode_Termination/time_out': 1, 'Episode_Termination/base_contact': 0}
Episode 6 over! Fell: False
[step 1500] Applying push: 50.0 N at angle 286.7 deg
[step 1520] Applying push: 50.0 N at angle 150.6 deg
[step 1540] Applying push: 50.0 N at angle 167.9 deg
[step 1560] Applying push: 50.0 N at angle 218.9 deg
[step 1580] Applying push: 50.0 N at angle 77.5 deg
[step 1600] Applying push: 50.0 N at angle 57.8 deg
[step 1620] Applying push: 50.0 N at angle 316.6 deg
[step 1640] Applying push: 50.0 N at angle 18.6 deg
[step 1660] Applying push: 50.0 N at angle 281.7 deg
[step 1680] Applying push: 50.0 N at angle 136.9 deg
[step 1700] Applying push: 50.0 N at angle 158.4 deg
[step 1720] Applying push: 50.0 N at angle 309.1 deg
[step 1740] Applying push: 50.0 N at angle 321.9 deg
root height right after reset: 2.10817289352417
termination log: {'Episode_Reward/track_lin_vel_xy_exp': tensor(0.8871, device='cuda:0'), 'Episode_Reward/track_ang_vel_z_exp': tensor(0.9654, device='cuda:0'), 'Episode_Reward/ang_vel_xy_l2': tensor(-0.0090, device='cuda:0'), 'Episode_Reward/dof_torques_l2': tensor(0., device='cuda:0'), 'Episode_Reward/dof_acc_l2': tensor(-0.0165, device='cuda:0'), 'Episode_Reward/action_rate_l2': tensor(-0.0057, device='cuda:0'), 'Episode_Reward/feet_air_time': tensor(0.0197, device='cuda:0'), 'Episode_Reward/flat_orientation_l2': tensor(-0.0033, device='cuda:0'), 'Episode_Reward/dof_pos_limits': tensor(-0.0007, device='cuda:0'), 'Episode_Reward/termination_penalty': tensor(0., device='cuda:0'), 'Episode_Reward/feet_slide': tensor(-0.0173, device='cuda:0'), 'Episode_Reward/joint_deviation_hip': tensor(-0.0246, device='cuda:0'), 'Episode_Reward/joint_deviation_arms': tensor(-0.0252, device='cuda:0'), 'Episode_Reward/joint_deviation_torso': tensor(-0.0056, device='cuda:0'), 'Curriculum/terrain_levels': 20.0, 'Metrics/base_velocity/error_vel_xy': 0.08116725087165833, 'Metrics/base_velocity/error_vel_yaw': 0.03374104201793671, 'Episode_Termination/time_out': 1, 'Episode_Termination/base_contact': 0}
Episode 7 over! Fell: False
[step 1750] Applying push: 50.0 N at angle 39.5 deg
[step 1770] Applying push: 50.0 N at angle 187.2 deg
[step 1790] Applying push: 50.0 N at angle 316.9 deg
[step 1810] Applying push: 50.0 N at angle 247.2 deg
[step 1830] Applying push: 50.0 N at angle 279.5 deg
[step 1850] Applying push: 50.0 N at angle 263.7 deg
[step 1870] Applying push: 50.0 N at angle 54.2 deg
[step 1890] Applying push: 50.0 N at angle 200.0 deg
[step 1910] Applying push: 50.0 N at angle 246.2 deg
[step 1930] Applying push: 50.0 N at angle 160.5 deg
[step 1950] Applying push: 50.0 N at angle 121.4 deg
[step 1970] Applying push: 50.0 N at angle 263.1 deg
[step 1990] Applying push: 50.0 N at angle 338.3 deg
root height right after reset: 2.10817289352417
termination log: {'Episode_Reward/track_lin_vel_xy_exp': tensor(0.9438, device='cuda:0'), 'Episode_Reward/track_ang_vel_z_exp': tensor(0.9792, device='cuda:0'), 'Episode_Reward/ang_vel_xy_l2': tensor(-0.0071, device='cuda:0'), 'Episode_Reward/dof_torques_l2': tensor(0., device='cuda:0'), 'Episode_Reward/dof_acc_l2': tensor(-0.0110, device='cuda:0'), 'Episode_Reward/action_rate_l2': tensor(-0.0037, device='cuda:0'), 'Episode_Reward/feet_air_time': tensor(0.0166, device='cuda:0'), 'Episode_Reward/flat_orientation_l2': tensor(-0.0044, device='cuda:0'), 'Episode_Reward/dof_pos_limits': tensor(-0.0003, device='cuda:0'), 'Episode_Reward/termination_penalty': tensor(0., device='cuda:0'), 'Episode_Reward/feet_slide': tensor(-0.0135, device='cuda:0'), 'Episode_Reward/joint_deviation_hip': tensor(-0.0165, device='cuda:0'), 'Episode_Reward/joint_deviation_arms': tensor(-0.0201, device='cuda:0'), 'Episode_Reward/joint_deviation_torso': tensor(-0.0043, device='cuda:0'), 'Curriculum/terrain_levels': 20.0, 'Metrics/base_velocity/error_vel_xy': 0.05097309499979019, 'Metrics/base_velocity/error_vel_yaw': 0.02661878429353237, 'Episode_Termination/time_out': 1, 'Episode_Termination/base_contact': 0}
Episode 8 over! Fell: False
[step 2000] Applying push: 50.0 N at angle 249.4 deg
[step 2020] Applying push: 50.0 N at angle 314.6 deg
[step 2040] Applying push: 50.0 N at angle 272.5 deg
[step 2060] Applying push: 50.0 N at angle 57.0 deg
[step 2080] Applying push: 50.0 N at angle 30.1 deg
[step 2100] Applying push: 50.0 N at angle 335.7 deg
[step 2120] Applying push: 50.0 N at angle 232.3 deg
[step 2140] Applying push: 50.0 N at angle 267.7 deg
[step 2160] Applying push: 50.0 N at angle 172.5 deg
[step 2180] Applying push: 50.0 N at angle 137.0 deg
[step 2200] Applying push: 50.0 N at angle 177.0 deg
[step 2220] Applying push: 50.0 N at angle 177.8 deg
[step 2240] Applying push: 50.0 N at angle 18.9 deg
root height right after reset: 2.10817289352417
termination log: {'Episode_Reward/track_lin_vel_xy_exp': tensor(0.9030, device='cuda:0'), 'Episode_Reward/track_ang_vel_z_exp': tensor(0.9768, device='cuda:0'), 'Episode_Reward/ang_vel_xy_l2': tensor(-0.0093, device='cuda:0'), 'Episode_Reward/dof_torques_l2': tensor(0., device='cuda:0'), 'Episode_Reward/dof_acc_l2': tensor(-0.0096, device='cuda:0'), 'Episode_Reward/action_rate_l2': tensor(-0.0057, device='cuda:0'), 'Episode_Reward/feet_air_time': tensor(0.0221, device='cuda:0'), 'Episode_Reward/flat_orientation_l2': tensor(-0.0029, device='cuda:0'), 'Episode_Reward/dof_pos_limits': tensor(-0.0012, device='cuda:0'), 'Episode_Reward/termination_penalty': tensor(0., device='cuda:0'), 'Episode_Reward/feet_slide': tensor(-0.0164, device='cuda:0'), 'Episode_Reward/joint_deviation_hip': tensor(-0.0220, device='cuda:0'), 'Episode_Reward/joint_deviation_arms': tensor(-0.0246, device='cuda:0'), 'Episode_Reward/joint_deviation_torso': tensor(-0.0054, device='cuda:0'), 'Curriculum/terrain_levels': 20.0, 'Metrics/base_velocity/error_vel_xy': 0.0719836950302124, 'Metrics/base_velocity/error_vel_yaw': 0.028152858838438988, 'Episode_Termination/time_out': 1, 'Episode_Termination/base_contact': 0}
Episode 9 over! Fell: False
[step 2250] Applying push: 50.0 N at angle 231.8 deg
[step 2270] Applying push: 50.0 N at angle 318.1 deg
[step 2290] Applying push: 50.0 N at angle 213.8 deg
[step 2310] Applying push: 50.0 N at angle 134.0 deg
[step 2330] Applying push: 50.0 N at angle 340.1 deg
[step 2350] Applying push: 50.0 N at angle 15.7 deg
[step 2370] Applying push: 50.0 N at angle 21.9 deg
[step 2390] Applying push: 50.0 N at angle 37.7 deg
[step 2410] Applying push: 50.0 N at angle 285.5 deg
[step 2430] Applying push: 50.0 N at angle 34.1 deg
[step 2450] Applying push: 50.0 N at angle 224.8 deg
[step 2470] Applying push: 50.0 N at angle 329.9 deg
[step 2490] Applying push: 50.0 N at angle 130.5 deg
root height right after reset: 2.10817289352417
termination log: {'Episode_Reward/track_lin_vel_xy_exp': tensor(0.9183, device='cuda:0'), 'Episode_Reward/track_ang_vel_z_exp': tensor(0.9843, device='cuda:0'), 'Episode_Reward/ang_vel_xy_l2': tensor(-0.0077, device='cuda:0'), 'Episode_Reward/dof_torques_l2': tensor(0., device='cuda:0'), 'Episode_Reward/dof_acc_l2': tensor(-0.0057, device='cuda:0'), 'Episode_Reward/action_rate_l2': tensor(-0.0040, device='cuda:0'), 'Episode_Reward/feet_air_time': tensor(0.0178, device='cuda:0'), 'Episode_Reward/flat_orientation_l2': tensor(-0.0037, device='cuda:0'), 'Episode_Reward/dof_pos_limits': tensor(0., device='cuda:0'), 'Episode_Reward/termination_penalty': tensor(0., device='cuda:0'), 'Episode_Reward/feet_slide': tensor(-0.0108, device='cuda:0'), 'Episode_Reward/joint_deviation_hip': tensor(-0.0174, device='cuda:0'), 'Episode_Reward/joint_deviation_arms': tensor(-0.0205, device='cuda:0'), 'Episode_Reward/joint_deviation_torso': tensor(-0.0038, device='cuda:0'), 'Curriculum/terrain_levels': 20.0, 'Metrics/base_velocity/error_vel_xy': 0.06540616601705551, 'Metrics/base_velocity/error_vel_yaw': 0.023801246657967567, 'Episode_Termination/time_out': 1, 'Episode_Termination/base_contact': 0}
Episode 10 over! Fell: False
[step 2500] Applying push: 50.0 N at angle 324.2 deg
[step 2520] Applying push: 50.0 N at angle 31.1 deg
[step 2540] Applying push: 50.0 N at angle 103.6 deg
[step 2560] Applying push: 50.0 N at angle 299.4 deg
[step 2580] Applying push: 50.0 N at angle 114.8 deg
[step 2600] Applying push: 50.0 N at angle 80.2 deg
[step 2620] Applying push: 50.0 N at angle 357.0 deg
[step 2640] Applying push: 50.0 N at angle 0.4 deg
[step 2660] Applying push: 50.0 N at angle 245.2 deg
[step 2680] Applying push: 50.0 N at angle 188.2 deg
[step 2700] Applying push: 50.0 N at angle 176.1 deg
[step 2720] Applying push: 50.0 N at angle 75.4 deg
[step 2740] Applying push: 50.0 N at angle 39.6 deg
root height right after reset: 2.10817289352417
termination log: {'Episode_Reward/track_lin_vel_xy_exp': tensor(0.9349, device='cuda:0'), 'Episode_Reward/track_ang_vel_z_exp': tensor(0.9849, device='cuda:0'), 'Episode_Reward/ang_vel_xy_l2': tensor(-0.0075, device='cuda:0'), 'Episode_Reward/dof_torques_l2': tensor(0., device='cuda:0'), 'Episode_Reward/dof_acc_l2': tensor(-0.0108, device='cuda:0'), 'Episode_Reward/action_rate_l2': tensor(-0.0043, device='cuda:0'), 'Episode_Reward/feet_air_time': tensor(0.0181, device='cuda:0'), 'Episode_Reward/flat_orientation_l2': tensor(-0.0041, device='cuda:0'), 'Episode_Reward/dof_pos_limits': tensor(-0.0009, device='cuda:0'), 'Episode_Reward/termination_penalty': tensor(0., device='cuda:0'), 'Episode_Reward/feet_slide': tensor(-0.0206, device='cuda:0'), 'Episode_Reward/joint_deviation_hip': tensor(-0.0177, device='cuda:0'), 'Episode_Reward/joint_deviation_arms': tensor(-0.0213, device='cuda:0'), 'Episode_Reward/joint_deviation_torso': tensor(-0.0045, device='cuda:0'), 'Curriculum/terrain_levels': 20.0, 'Metrics/base_velocity/error_vel_xy': 0.05835346505045891, 'Metrics/base_velocity/error_vel_yaw': 0.02421078458428383, 'Episode_Termination/time_out': 1, 'Episode_Termination/base_contact': 0}
Episode 11 over! Fell: False
[step 2750] Applying push: 50.0 N at angle 171.7 deg
[step 2770] Applying push: 50.0 N at angle 264.7 deg
[step 2790] Applying push: 50.0 N at angle 151.0 deg
[step 2810] Applying push: 50.0 N at angle 333.6 deg
[step 2830] Applying push: 50.0 N at angle 106.2 deg
[step 2850] Applying push: 50.0 N at angle 223.0 deg
[step 2870] Applying push: 50.0 N at angle 311.3 deg
[step 2890] Applying push: 50.0 N at angle 192.1 deg
[step 2910] Applying push: 50.0 N at angle 4.7 deg
[step 2930] Applying push: 50.0 N at angle 180.6 deg
[step 2950] Applying push: 50.0 N at angle 116.7 deg
[step 2970] Applying push: 50.0 N at angle 341.0 deg
[step 2990] Applying push: 50.0 N at angle 179.8 deg
root height right after reset: 2.10817289352417
termination log: {'Episode_Reward/track_lin_vel_xy_exp': tensor(0.9125, device='cuda:0'), 'Episode_Reward/track_ang_vel_z_exp': tensor(0.9785, device='cuda:0'), 'Episode_Reward/ang_vel_xy_l2': tensor(-0.0091, device='cuda:0'), 'Episode_Reward/dof_torques_l2': tensor(0., device='cuda:0'), 'Episode_Reward/dof_acc_l2': tensor(-0.0093, device='cuda:0'), 'Episode_Reward/action_rate_l2': tensor(-0.0054, device='cuda:0'), 'Episode_Reward/feet_air_time': tensor(0.0202, device='cuda:0'), 'Episode_Reward/flat_orientation_l2': tensor(-0.0024, device='cuda:0'), 'Episode_Reward/dof_pos_limits': tensor(-0.0023, device='cuda:0'), 'Episode_Reward/termination_penalty': tensor(0., device='cuda:0'), 'Episode_Reward/feet_slide': tensor(-0.0146, device='cuda:0'), 'Episode_Reward/joint_deviation_hip': tensor(-0.0207, device='cuda:0'), 'Episode_Reward/joint_deviation_arms': tensor(-0.0237, device='cuda:0'), 'Episode_Reward/joint_deviation_torso': tensor(-0.0047, device='cuda:0'), 'Curriculum/terrain_levels': 20.0, 'Metrics/base_velocity/error_vel_xy': 0.06663107126951218, 'Metrics/base_velocity/error_vel_yaw': 0.027275249361991882, 'Episode_Termination/time_out': 1, 'Episode_Termination/base_contact': 0}
Episode 12 over! Fell: False
[step 3000] Applying push: 50.0 N at angle 192.3 deg
[step 3020] Applying push: 50.0 N at angle 32.4 deg
[step 3040] Applying push: 50.0 N at angle 279.5 deg
[step 3060] Applying push: 50.0 N at angle 177.0 deg
[step 3080] Applying push: 50.0 N at angle 109.5 deg
[step 3100] Applying push: 50.0 N at angle 119.3 deg
[step 3120] Applying push: 50.0 N at angle 255.7 deg
[step 3140] Applying push: 50.0 N at angle 268.1 deg
[step 3160] Applying push: 50.0 N at angle 210.8 deg
[step 3180] Applying push: 50.0 N at angle 39.3 deg
[step 3200] Applying push: 50.0 N at angle 300.6 deg
[step 3220] Applying push: 50.0 N at angle 139.0 deg
[step 3240] Applying push: 50.0 N at angle 154.1 deg
root height right after reset: 2.10817289352417
termination log: {'Episode_Reward/track_lin_vel_xy_exp': tensor(0.9066, device='cuda:0'), 'Episode_Reward/track_ang_vel_z_exp': tensor(0.9788, device='cuda:0'), 'Episode_Reward/ang_vel_xy_l2': tensor(-0.0092, device='cuda:0'), 'Episode_Reward/dof_torques_l2': tensor(0., device='cuda:0'), 'Episode_Reward/dof_acc_l2': tensor(-0.0187, device='cuda:0'), 'Episode_Reward/action_rate_l2': tensor(-0.0054, device='cuda:0'), 'Episode_Reward/feet_air_time': tensor(0.0215, device='cuda:0'), 'Episode_Reward/flat_orientation_l2': tensor(-0.0026, device='cuda:0'), 'Episode_Reward/dof_pos_limits': tensor(-0.0015, device='cuda:0'), 'Episode_Reward/termination_penalty': tensor(0., device='cuda:0'), 'Episode_Reward/feet_slide': tensor(-0.0139, device='cuda:0'), 'Episode_Reward/joint_deviation_hip': tensor(-0.0223, device='cuda:0'), 'Episode_Reward/joint_deviation_arms': tensor(-0.0247, device='cuda:0'), 'Episode_Reward/joint_deviation_torso': tensor(-0.0054, device='cuda:0'), 'Curriculum/terrain_levels': 20.0, 'Metrics/base_velocity/error_vel_xy': 0.0683983862400055, 'Metrics/base_velocity/error_vel_yaw': 0.026344411075115204, 'Episode_Termination/time_out': 1, 'Episode_Termination/base_contact': 0}
Episode 13 over! Fell: False
[step 3250] Applying push: 50.0 N at angle 300.7 deg
[step 3270] Applying push: 50.0 N at angle 114.0 deg
[step 3290] Applying push: 50.0 N at angle 162.2 deg
[step 3310] Applying push: 50.0 N at angle 85.9 deg
[step 3330] Applying push: 50.0 N at angle 294.3 deg
[step 3350] Applying push: 50.0 N at angle 323.6 deg
[step 3370] Applying push: 50.0 N at angle 83.9 deg
[step 3390] Applying push: 50.0 N at angle 102.1 deg
[step 3410] Applying push: 50.0 N at angle 62.7 deg
[step 3430] Applying push: 50.0 N at angle 159.4 deg
[step 3450] Applying push: 50.0 N at angle 63.0 deg
[step 3470] Applying push: 50.0 N at angle 255.1 deg
[step 3490] Applying push: 50.0 N at angle 129.9 deg
root height right after reset: 2.1809611320495605
termination log: {'Episode_Reward/track_lin_vel_xy_exp': tensor(0.8660, device='cuda:0'), 'Episode_Reward/track_ang_vel_z_exp': tensor(0.9279, device='cuda:0'), 'Episode_Reward/ang_vel_xy_l2': tensor(-0.0112, device='cuda:0'), 'Episode_Reward/dof_torques_l2': tensor(0., device='cuda:0'), 'Episode_Reward/dof_acc_l2': tensor(-0.0211, device='cuda:0'), 'Episode_Reward/action_rate_l2': tensor(-0.0106, device='cuda:0'), 'Episode_Reward/feet_air_time': tensor(0.0195, device='cuda:0'), 'Episode_Reward/flat_orientation_l2': tensor(-0.0030, device='cuda:0'), 'Episode_Reward/dof_pos_limits': tensor(-0.0049, device='cuda:0'), 'Episode_Reward/termination_penalty': tensor(0., device='cuda:0'), 'Episode_Reward/feet_slide': tensor(-0.0214, device='cuda:0'), 'Episode_Reward/joint_deviation_hip': tensor(-0.0306, device='cuda:0'), 'Episode_Reward/joint_deviation_arms': tensor(-0.0313, device='cuda:0'), 'Episode_Reward/joint_deviation_torso': tensor(-0.0069, device='cuda:0'), 'Curriculum/terrain_levels': 21.0, 'Metrics/base_velocity/error_vel_xy': 0.09315627813339233, 'Metrics/base_velocity/error_vel_yaw': 0.05017116665840149, 'Episode_Termination/time_out': 1, 'Episode_Termination/base_contact': 0}
Episode 14 over! Fell: False
[step 3500] Applying push: 50.0 N at angle 281.0 deg
[step 3520] Applying push: 50.0 N at angle 74.3 deg
[step 3540] Applying push: 50.0 N at angle 286.4 deg
[step 3560] Applying push: 50.0 N at angle 323.9 deg
[step 3580] Applying push: 50.0 N at angle 311.3 deg
[step 3600] Applying push: 50.0 N at angle 269.7 deg
[step 3620] Applying push: 50.0 N at angle 165.9 deg
[step 3640] Applying push: 50.0 N at angle 299.6 deg
[step 3660] Applying push: 50.0 N at angle 146.4 deg
[step 3680] Applying push: 50.0 N at angle 139.0 deg
[step 3700] Applying push: 50.0 N at angle 334.6 deg
[step 3720] Applying push: 50.0 N at angle 165.1 deg
[step 3740] Applying push: 50.0 N at angle 326.1 deg
root height right after reset: 2.1809611320495605
termination log: {'Episode_Reward/track_lin_vel_xy_exp': tensor(0.9145, device='cuda:0'), 'Episode_Reward/track_ang_vel_z_exp': tensor(0.9850, device='cuda:0'), 'Episode_Reward/ang_vel_xy_l2': tensor(-0.0086, device='cuda:0'), 'Episode_Reward/dof_torques_l2': tensor(0., device='cuda:0'), 'Episode_Reward/dof_acc_l2': tensor(-0.0072, device='cuda:0'), 'Episode_Reward/action_rate_l2': tensor(-0.0049, device='cuda:0'), 'Episode_Reward/feet_air_time': tensor(0.0195, device='cuda:0'), 'Episode_Reward/flat_orientation_l2': tensor(-0.0030, device='cuda:0'), 'Episode_Reward/dof_pos_limits': tensor(-0.0001, device='cuda:0'), 'Episode_Reward/termination_penalty': tensor(0., device='cuda:0'), 'Episode_Reward/feet_slide': tensor(-0.0112, device='cuda:0'), 'Episode_Reward/joint_deviation_hip': tensor(-0.0210, device='cuda:0'), 'Episode_Reward/joint_deviation_arms': tensor(-0.0233, device='cuda:0'), 'Episode_Reward/joint_deviation_torso': tensor(-0.0049, device='cuda:0'), 'Curriculum/terrain_levels': 21.0, 'Metrics/base_velocity/error_vel_xy': 0.06626617908477783, 'Metrics/base_velocity/error_vel_yaw': 0.02174600213766098, 'Episode_Termination/time_out': 1, 'Episode_Termination/base_contact': 0}
Episode 15 over! Fell: False
[step 3750] Applying push: 50.0 N at angle 272.3 deg
[step 3770] Applying push: 50.0 N at angle 111.1 deg
[step 3790] Applying push: 50.0 N at angle 253.5 deg
[step 3810] Applying push: 50.0 N at angle 75.9 deg
[step 3830] Applying push: 50.0 N at angle 162.5 deg
[step 3850] Applying push: 50.0 N at angle 217.8 deg
[step 3870] Applying push: 50.0 N at angle 46.9 deg
[step 3890] Applying push: 50.0 N at angle 21.7 deg
[step 3910] Applying push: 50.0 N at angle 10.8 deg
[step 3930] Applying push: 50.0 N at angle 307.6 deg
[step 3950] Applying push: 50.0 N at angle 34.7 deg
[step 3970] Applying push: 50.0 N at angle 39.3 deg
[step 3990] Applying push: 50.0 N at angle 309.1 deg
root height right after reset: 2.984233856201172
termination log: {'Episode_Reward/track_lin_vel_xy_exp': tensor(0.8628, device='cuda:0'), 'Episode_Reward/track_ang_vel_z_exp': tensor(0.9740, device='cuda:0'), 'Episode_Reward/ang_vel_xy_l2': tensor(-0.0090, device='cuda:0'), 'Episode_Reward/dof_torques_l2': tensor(0., device='cuda:0'), 'Episode_Reward/dof_acc_l2': tensor(-0.0190, device='cuda:0'), 'Episode_Reward/action_rate_l2': tensor(-0.0062, device='cuda:0'), 'Episode_Reward/feet_air_time': tensor(0.0223, device='cuda:0'), 'Episode_Reward/flat_orientation_l2': tensor(-0.0029, device='cuda:0'), 'Episode_Reward/dof_pos_limits': tensor(-0.0007, device='cuda:0'), 'Episode_Reward/termination_penalty': tensor(0., device='cuda:0'), 'Episode_Reward/feet_slide': tensor(-0.0174, device='cuda:0'), 'Episode_Reward/joint_deviation_hip': tensor(-0.0270, device='cuda:0'), 'Episode_Reward/joint_deviation_arms': tensor(-0.0267, device='cuda:0'), 'Episode_Reward/joint_deviation_torso': tensor(-0.0052, device='cuda:0'), 'Curriculum/terrain_levels': 22.0, 'Metrics/base_velocity/error_vel_xy': 0.09546556323766708, 'Metrics/base_velocity/error_vel_yaw': 0.028534071519970894, 'Episode_Termination/time_out': 1, 'Episode_Termination/base_contact': 0}
Episode 16 over! Fell: False
[step 4000] Applying push: 50.0 N at angle 195.1 deg
[step 4020] Applying push: 50.0 N at angle 64.8 deg
[step 4040] Applying push: 50.0 N at angle 62.4 deg
[step 4060] Applying push: 50.0 N at angle 237.2 deg
[step 4080] Applying push: 50.0 N at angle 19.3 deg
[step 4100] Applying push: 50.0 N at angle 165.0 deg
[step 4120] Applying push: 50.0 N at angle 253.1 deg
[step 4140] Applying push: 50.0 N at angle 166.5 deg
[step 4160] Applying push: 50.0 N at angle 198.6 deg
[step 4180] Applying push: 50.0 N at angle 249.3 deg
[step 4200] Applying push: 50.0 N at angle 304.3 deg
[step 4220] Applying push: 50.0 N at angle 262.5 deg
[step 4240] Applying push: 50.0 N at angle 42.2 deg
root height right after reset: 2.984233856201172
termination log: {'Episode_Reward/track_lin_vel_xy_exp': tensor(0.8857, device='cuda:0'), 'Episode_Reward/track_ang_vel_z_exp': tensor(0.9723, device='cuda:0'), 'Episode_Reward/ang_vel_xy_l2': tensor(-0.0096, device='cuda:0'), 'Episode_Reward/dof_torques_l2': tensor(0., device='cuda:0'), 'Episode_Reward/dof_acc_l2': tensor(-0.0104, device='cuda:0'), 'Episode_Reward/action_rate_l2': tensor(-0.0048, device='cuda:0'), 'Episode_Reward/feet_air_time': tensor(0.0214, device='cuda:0'), 'Episode_Reward/flat_orientation_l2': tensor(-0.0028, device='cuda:0'), 'Episode_Reward/dof_pos_limits': tensor(-0.0066, device='cuda:0'), 'Episode_Reward/termination_penalty': tensor(0., device='cuda:0'), 'Episode_Reward/feet_slide': tensor(-0.0164, device='cuda:0'), 'Episode_Reward/joint_deviation_hip': tensor(-0.0254, device='cuda:0'), 'Episode_Reward/joint_deviation_arms': tensor(-0.0259, device='cuda:0'), 'Episode_Reward/joint_deviation_torso': tensor(-0.0061, device='cuda:0'), 'Curriculum/terrain_levels': 22.0, 'Metrics/base_velocity/error_vel_xy': 0.08040531724691391, 'Metrics/base_velocity/error_vel_yaw': 0.028981592506170273, 'Episode_Termination/time_out': 1, 'Episode_Termination/base_contact': 0}
Episode 17 over! Fell: False
[step 4250] Applying push: 50.0 N at angle 5.6 deg
[step 4270] Applying push: 50.0 N at angle 119.1 deg
[step 4290] Applying push: 50.0 N at angle 101.5 deg
[step 4310] Applying push: 50.0 N at angle 335.3 deg
[step 4330] Applying push: 50.0 N at angle 154.3 deg
[step 4350] Applying push: 50.0 N at angle 210.8 deg
[step 4370] Applying push: 50.0 N at angle 158.0 deg
[step 4390] Applying push: 50.0 N at angle 351.9 deg
[step 4410] Applying push: 50.0 N at angle 228.9 deg
[step 4430] Applying push: 50.0 N at angle 268.8 deg
[step 4450] Applying push: 50.0 N at angle 298.1 deg
[step 4470] Applying push: 50.0 N at angle 336.0 deg
[step 4490] Applying push: 50.0 N at angle 191.6 deg
root height right after reset: 2.984233856201172
termination log: {'Episode_Reward/track_lin_vel_xy_exp': tensor(0.8935, device='cuda:0'), 'Episode_Reward/track_ang_vel_z_exp': tensor(0.9659, device='cuda:0'), 'Episode_Reward/ang_vel_xy_l2': tensor(-0.0100, device='cuda:0'), 'Episode_Reward/dof_torques_l2': tensor(0., device='cuda:0'), 'Episode_Reward/dof_acc_l2': tensor(-0.0161, device='cuda:0'), 'Episode_Reward/action_rate_l2': tensor(-0.0068, device='cuda:0'), 'Episode_Reward/feet_air_time': tensor(0.0219, device='cuda:0'), 'Episode_Reward/flat_orientation_l2': tensor(-0.0032, device='cuda:0'), 'Episode_Reward/dof_pos_limits': tensor(-0.0057, device='cuda:0'), 'Episode_Reward/termination_penalty': tensor(0., device='cuda:0'), 'Episode_Reward/feet_slide': tensor(-0.0215, device='cuda:0'), 'Episode_Reward/joint_deviation_hip': tensor(-0.0254, device='cuda:0'), 'Episode_Reward/joint_deviation_arms': tensor(-0.0306, device='cuda:0'), 'Episode_Reward/joint_deviation_torso': tensor(-0.0080, device='cuda:0'), 'Curriculum/terrain_levels': 22.0, 'Metrics/base_velocity/error_vel_xy': 0.07838544249534607, 'Metrics/base_velocity/error_vel_yaw': 0.03441787511110306, 'Episode_Termination/time_out': 1, 'Episode_Termination/base_contact': 0}
Episode 18 over! Fell: False
[step 4500] Applying push: 50.0 N at angle 343.6 deg
[step 4520] Applying push: 50.0 N at angle 145.3 deg
[step 4540] Applying push: 50.0 N at angle 313.9 deg
[step 4560] Applying push: 50.0 N at angle 316.3 deg
[step 4580] Applying push: 50.0 N at angle 66.3 deg
[step 4600] Applying push: 50.0 N at angle 355.4 deg
[step 4620] Applying push: 50.0 N at angle 36.9 deg
[step 4640] Applying push: 50.0 N at angle 194.6 deg
[step 4660] Applying push: 50.0 N at angle 75.7 deg
[step 4680] Applying push: 50.0 N at angle 222.2 deg
[step 4700] Applying push: 50.0 N at angle 316.8 deg
[step 4720] Applying push: 50.0 N at angle 304.3 deg
[step 4740] Applying push: 50.0 N at angle 272.6 deg
root height right after reset: 2.984233856201172
termination log: {'Episode_Reward/track_lin_vel_xy_exp': tensor(0.9164, device='cuda:0'), 'Episode_Reward/track_ang_vel_z_exp': tensor(0.9600, device='cuda:0'), 'Episode_Reward/ang_vel_xy_l2': tensor(-0.0081, device='cuda:0'), 'Episode_Reward/dof_torques_l2': tensor(0., device='cuda:0'), 'Episode_Reward/dof_acc_l2': tensor(-0.0176, device='cuda:0'), 'Episode_Reward/action_rate_l2': tensor(-0.0067, device='cuda:0'), 'Episode_Reward/feet_air_time': tensor(0.0171, device='cuda:0'), 'Episode_Reward/flat_orientation_l2': tensor(-0.0034, device='cuda:0'), 'Episode_Reward/dof_pos_limits': tensor(-0.0037, device='cuda:0'), 'Episode_Reward/termination_penalty': tensor(0., device='cuda:0'), 'Episode_Reward/feet_slide': tensor(-0.0281, device='cuda:0'), 'Episode_Reward/joint_deviation_hip': tensor(-0.0242, device='cuda:0'), 'Episode_Reward/joint_deviation_arms': tensor(-0.0298, device='cuda:0'), 'Episode_Reward/joint_deviation_torso': tensor(-0.0065, device='cuda:0'), 'Curriculum/terrain_levels': 22.0, 'Metrics/base_velocity/error_vel_xy': 0.07049074023962021, 'Metrics/base_velocity/error_vel_yaw': 0.03892972692847252, 'Episode_Termination/time_out': 1, 'Episode_Termination/base_contact': 0}
Episode 19 over! Fell: False
[step 4750] Applying push: 50.0 N at angle 266.4 deg
[step 4770] Applying push: 50.0 N at angle 350.4 deg
[step 4790] Applying push: 50.0 N at angle 24.3 deg
[step 4810] Applying push: 50.0 N at angle 215.2 deg
[step 4830] Applying push: 50.0 N at angle 232.8 deg
[step 4850] Applying push: 50.0 N at angle 186.7 deg
[step 4870] Applying push: 50.0 N at angle 1.3 deg
[step 4890] Applying push: 50.0 N at angle 113.3 deg
[step 4910] Applying push: 50.0 N at angle 189.1 deg
[step 4930] Applying push: 50.0 N at angle 68.6 deg
[step 4950] Applying push: 50.0 N at angle 2.1 deg
[step 4970] Applying push: 50.0 N at angle 206.4 deg
[step 4990] Applying push: 50.0 N at angle 1.6 deg
root height right after reset: 2.984233856201172
termination log: {'Episode_Reward/track_lin_vel_xy_exp': tensor(0.9292, device='cuda:0'), 'Episode_Reward/track_ang_vel_z_exp': tensor(0.9896, device='cuda:0'), 'Episode_Reward/ang_vel_xy_l2': tensor(-0.0079, device='cuda:0'), 'Episode_Reward/dof_torques_l2': tensor(0., device='cuda:0'), 'Episode_Reward/dof_acc_l2': tensor(-0.0064, device='cuda:0'), 'Episode_Reward/action_rate_l2': tensor(-0.0035, device='cuda:0'), 'Episode_Reward/feet_air_time': tensor(0.0190, device='cuda:0'), 'Episode_Reward/flat_orientation_l2': tensor(-0.0028, device='cuda:0'), 'Episode_Reward/dof_pos_limits': tensor(-1.7806e-05, device='cuda:0'), 'Episode_Reward/termination_penalty': tensor(0., device='cuda:0'), 'Episode_Reward/feet_slide': tensor(-0.0103, device='cuda:0'), 'Episode_Reward/joint_deviation_hip': tensor(-0.0195, device='cuda:0'), 'Episode_Reward/joint_deviation_arms': tensor(-0.0217, device='cuda:0'), 'Episode_Reward/joint_deviation_torso': tensor(-0.0043, device='cuda:0'), 'Curriculum/terrain_levels': 22.0, 'Metrics/base_velocity/error_vel_xy': 0.05904611945152283, 'Metrics/base_velocity/error_vel_yaw': 0.01928369328379631, 'Episode_Termination/time_out': 1, 'Episode_Termination/base_contact': 0}
Episode 20 over! Fell: False
===============
Expert Stairway Terrain w/o perturbation
===============
Push force (N):  50.0
Push interval (steps):  10
Push duration (steps):  10
Number of episodes:  20
Fall count:  0
Fall rate:  0.0
Length of episode:  [249, 249, 249, 249, 249, 249, 249, 249, 249, 249, 249, 249, 249, 249, 249, 249, 249, 249, 249, 249]
Average length of episode:  249.0
Per episode reward:  [8.831643156707287, 9.089106002822518, 9.246015515178442, 9.03239000402391, 9.236348751932383, 8.70754538057372, 8.786634155549109, 9.258417092263699, 8.985355505719781, 9.194598592817783, 9.192154893651605, 9.058737425133586, 8.980951067991555, 8.35539093799889, 9.13707342557609, 8.68870492465794, 8.820767015218735, 8.732319951057434, 8.789456172846258, 9.270774111151695]
Average reward:  8.96971920414362
Total reward:  179.39438408287242 

---

$ python3 scripts/ulbc_v2/3.test/expert_stairway_perturbation.py --push_force 0 --push_interval 10 --push_duration 10

Creating window for environment.
[INFO]: Completed setting up the environment...
Using cuda device
Actor MLP: Sequential(
  (0): Linear(in_features=256, out_features=512, bias=True)
  (1): ELU(alpha=1.0)
  (2): Linear(in_features=512, out_features=256, bias=True)
  (3): ELU(alpha=1.0)
  (4): Linear(in_features=256, out_features=128, bias=True)
  (5): ELU(alpha=1.0)
  (6): Linear(in_features=128, out_features=19, bias=True)
)
Critic MLP: Sequential(
  (0): Linear(in_features=256, out_features=512, bias=True)
  (1): ELU(alpha=1.0)
  (2): Linear(in_features=512, out_features=256, bias=True)
  (3): ELU(alpha=1.0)
  (4): Linear(in_features=256, out_features=128, bias=True)
  (5): ELU(alpha=1.0)
  (6): Linear(in_features=128, out_features=1, bias=True)
)
Pushing default root body: pelvis (pass --push_body_name to target a different link)
root height right after reset: 2.366741418838501
[step 10] Applying push: 0.0 N at angle 282.1 deg
[step 30] Applying push: 0.0 N at angle 231.9 deg
[step 50] Applying push: 0.0 N at angle 263.1 deg
[step 70] Applying push: 0.0 N at angle 180.5 deg
[step 90] Applying push: 0.0 N at angle 26.3 deg
[step 110] Applying push: 0.0 N at angle 67.6 deg
[step 130] Applying push: 0.0 N at angle 158.7 deg
[step 150] Applying push: 0.0 N at angle 343.1 deg
[step 170] Applying push: 0.0 N at angle 200.2 deg
[step 190] Applying push: 0.0 N at angle 96.0 deg
[step 210] Applying push: 0.0 N at angle 41.0 deg
[step 230] Applying push: 0.0 N at angle 82.2 deg
root height right after reset: 3.0220813751220703
termination log: {'Episode_Reward/track_lin_vel_xy_exp': tensor(0.8898, device='cuda:0'), 'Episode_Reward/track_ang_vel_z_exp': tensor(0.9225, device='cuda:0'), 'Episode_Reward/ang_vel_xy_l2': tensor(-0.0130, device='cuda:0'), 'Episode_Reward/dof_torques_l2': tensor(0., device='cuda:0'), 'Episode_Reward/dof_acc_l2': tensor(-0.0206, device='cuda:0'), 'Episode_Reward/action_rate_l2': tensor(-0.0130, device='cuda:0'), 'Episode_Reward/feet_air_time': tensor(0.0186, device='cuda:0'), 'Episode_Reward/flat_orientation_l2': tensor(-0.0083, device='cuda:0'), 'Episode_Reward/dof_pos_limits': tensor(-0.0052, device='cuda:0'), 'Episode_Reward/termination_penalty': tensor(0., device='cuda:0'), 'Episode_Reward/feet_slide': tensor(-0.0268, device='cuda:0'), 'Episode_Reward/joint_deviation_hip': tensor(-0.0339, device='cuda:0'), 'Episode_Reward/joint_deviation_arms': tensor(-0.0313, device='cuda:0'), 'Episode_Reward/joint_deviation_torso': tensor(-0.0070, device='cuda:0'), 'Curriculum/terrain_levels': 14.0, 'Metrics/base_velocity/error_vel_xy': 0.09062553942203522, 'Metrics/base_velocity/error_vel_yaw': 0.05362462252378464, 'Episode_Termination/time_out': 1, 'Episode_Termination/base_contact': 0}
Episode 1 over! Fell: False
[step 250] Applying push: 0.0 N at angle 289.0 deg
[step 270] Applying push: 0.0 N at angle 190.8 deg
[step 290] Applying push: 0.0 N at angle 301.6 deg
[step 310] Applying push: 0.0 N at angle 6.8 deg
[step 330] Applying push: 0.0 N at angle 335.3 deg
[step 350] Applying push: 0.0 N at angle 301.2 deg
[step 370] Applying push: 0.0 N at angle 213.3 deg
[step 390] Applying push: 0.0 N at angle 142.9 deg
[step 410] Applying push: 0.0 N at angle 247.8 deg
[step 430] Applying push: 0.0 N at angle 78.0 deg
[step 450] Applying push: 0.0 N at angle 321.0 deg
[step 470] Applying push: 0.0 N at angle 340.7 deg
[step 490] Applying push: 0.0 N at angle 256.0 deg
root height right after reset: 3.0220813751220703
termination log: {'Episode_Reward/track_lin_vel_xy_exp': tensor(0.9459, device='cuda:0'), 'Episode_Reward/track_ang_vel_z_exp': tensor(0.9803, device='cuda:0'), 'Episode_Reward/ang_vel_xy_l2': tensor(-0.0076, device='cuda:0'), 'Episode_Reward/dof_torques_l2': tensor(0., device='cuda:0'), 'Episode_Reward/dof_acc_l2': tensor(-0.0081, device='cuda:0'), 'Episode_Reward/action_rate_l2': tensor(-0.0041, device='cuda:0'), 'Episode_Reward/feet_air_time': tensor(0.0190, device='cuda:0'), 'Episode_Reward/flat_orientation_l2': tensor(-0.0050, device='cuda:0'), 'Episode_Reward/dof_pos_limits': tensor(-0.0039, device='cuda:0'), 'Episode_Reward/termination_penalty': tensor(0., device='cuda:0'), 'Episode_Reward/feet_slide': tensor(-0.0166, device='cuda:0'), 'Episode_Reward/joint_deviation_hip': tensor(-0.0223, device='cuda:0'), 'Episode_Reward/joint_deviation_arms': tensor(-0.0240, device='cuda:0'), 'Episode_Reward/joint_deviation_torso': tensor(-0.0071, device='cuda:0'), 'Curriculum/terrain_levels': 14.0, 'Metrics/base_velocity/error_vel_xy': 0.04746714606881142, 'Metrics/base_velocity/error_vel_yaw': 0.024463998153805733, 'Episode_Termination/time_out': 1, 'Episode_Termination/base_contact': 0}
Episode 2 over! Fell: False
[step 500] Applying push: 0.0 N at angle 157.7 deg
[step 520] Applying push: 0.0 N at angle 264.7 deg
[step 540] Applying push: 0.0 N at angle 107.9 deg
[step 560] Applying push: 0.0 N at angle 316.8 deg
[step 580] Applying push: 0.0 N at angle 261.6 deg
[step 600] Applying push: 0.0 N at angle 84.6 deg
[step 620] Applying push: 0.0 N at angle 305.4 deg
[step 640] Applying push: 0.0 N at angle 91.8 deg
[step 660] Applying push: 0.0 N at angle 156.8 deg
[step 680] Applying push: 0.0 N at angle 292.5 deg
[step 700] Applying push: 0.0 N at angle 352.6 deg
[step 720] Applying push: 0.0 N at angle 228.7 deg
[step 740] Applying push: 0.0 N at angle 44.5 deg
root height right after reset: 2.6097259521484375
termination log: {'Episode_Reward/track_lin_vel_xy_exp': tensor(0.9208, device='cuda:0'), 'Episode_Reward/track_ang_vel_z_exp': tensor(0.9566, device='cuda:0'), 'Episode_Reward/ang_vel_xy_l2': tensor(-0.0098, device='cuda:0'), 'Episode_Reward/dof_torques_l2': tensor(0., device='cuda:0'), 'Episode_Reward/dof_acc_l2': tensor(-0.0210, device='cuda:0'), 'Episode_Reward/action_rate_l2': tensor(-0.0088, device='cuda:0'), 'Episode_Reward/feet_air_time': tensor(0.0181, device='cuda:0'), 'Episode_Reward/flat_orientation_l2': tensor(-0.0030, device='cuda:0'), 'Episode_Reward/dof_pos_limits': tensor(-0.0035, device='cuda:0'), 'Episode_Reward/termination_penalty': tensor(0., device='cuda:0'), 'Episode_Reward/feet_slide': tensor(-0.0276, device='cuda:0'), 'Episode_Reward/joint_deviation_hip': tensor(-0.0269, device='cuda:0'), 'Episode_Reward/joint_deviation_arms': tensor(-0.0313, device='cuda:0'), 'Episode_Reward/joint_deviation_torso': tensor(-0.0082, device='cuda:0'), 'Curriculum/terrain_levels': 15.0, 'Metrics/base_velocity/error_vel_xy': 0.06295022368431091, 'Metrics/base_velocity/error_vel_yaw': 0.04077008739113808, 'Episode_Termination/time_out': 1, 'Episode_Termination/base_contact': 0}
Episode 3 over! Fell: False
[step 750] Applying push: 0.0 N at angle 64.4 deg
[step 770] Applying push: 0.0 N at angle 281.3 deg
[step 790] Applying push: 0.0 N at angle 42.0 deg
[step 810] Applying push: 0.0 N at angle 331.5 deg
[step 830] Applying push: 0.0 N at angle 165.0 deg
[step 850] Applying push: 0.0 N at angle 124.7 deg
[step 870] Applying push: 0.0 N at angle 352.5 deg
[step 890] Applying push: 0.0 N at angle 158.2 deg
[step 910] Applying push: 0.0 N at angle 145.5 deg
[step 930] Applying push: 0.0 N at angle 25.9 deg
[step 950] Applying push: 0.0 N at angle 3.9 deg
[step 970] Applying push: 0.0 N at angle 287.4 deg
[step 990] Applying push: 0.0 N at angle 188.0 deg
root height right after reset: 2.6097259521484375
termination log: {'Episode_Reward/track_lin_vel_xy_exp': tensor(0.9447, device='cuda:0'), 'Episode_Reward/track_ang_vel_z_exp': tensor(0.9765, device='cuda:0'), 'Episode_Reward/ang_vel_xy_l2': tensor(-0.0086, device='cuda:0'), 'Episode_Reward/dof_torques_l2': tensor(0., device='cuda:0'), 'Episode_Reward/dof_acc_l2': tensor(-0.0084, device='cuda:0'), 'Episode_Reward/action_rate_l2': tensor(-0.0042, device='cuda:0'), 'Episode_Reward/feet_air_time': tensor(0.0194, device='cuda:0'), 'Episode_Reward/flat_orientation_l2': tensor(-0.0047, device='cuda:0'), 'Episode_Reward/dof_pos_limits': tensor(-0.0003, device='cuda:0'), 'Episode_Reward/termination_penalty': tensor(0., device='cuda:0'), 'Episode_Reward/feet_slide': tensor(-0.0150, device='cuda:0'), 'Episode_Reward/joint_deviation_hip': tensor(-0.0230, device='cuda:0'), 'Episode_Reward/joint_deviation_arms': tensor(-0.0251, device='cuda:0'), 'Episode_Reward/joint_deviation_torso': tensor(-0.0051, device='cuda:0'), 'Curriculum/terrain_levels': 15.0, 'Metrics/base_velocity/error_vel_xy': 0.04892304539680481, 'Metrics/base_velocity/error_vel_yaw': 0.02680543065071106, 'Episode_Termination/time_out': 1, 'Episode_Termination/base_contact': 0}
Episode 4 over! Fell: False
[step 1000] Applying push: 0.0 N at angle 6.9 deg
[step 1020] Applying push: 0.0 N at angle 123.0 deg
[step 1040] Applying push: 0.0 N at angle 248.7 deg
[step 1060] Applying push: 0.0 N at angle 353.6 deg
[step 1080] Applying push: 0.0 N at angle 170.2 deg
[step 1100] Applying push: 0.0 N at angle 252.3 deg
[step 1120] Applying push: 0.0 N at angle 348.0 deg
[step 1140] Applying push: 0.0 N at angle 84.1 deg
[step 1160] Applying push: 0.0 N at angle 342.3 deg
[step 1180] Applying push: 0.0 N at angle 142.6 deg
[step 1200] Applying push: 0.0 N at angle 166.2 deg
[step 1220] Applying push: 0.0 N at angle 314.3 deg
[step 1240] Applying push: 0.0 N at angle 219.7 deg
root height right after reset: 2.6097259521484375
termination log: {'Episode_Reward/track_lin_vel_xy_exp': tensor(0.9344, device='cuda:0'), 'Episode_Reward/track_ang_vel_z_exp': tensor(0.9812, device='cuda:0'), 'Episode_Reward/ang_vel_xy_l2': tensor(-0.0104, device='cuda:0'), 'Episode_Reward/dof_torques_l2': tensor(0., device='cuda:0'), 'Episode_Reward/dof_acc_l2': tensor(-0.0129, device='cuda:0'), 'Episode_Reward/action_rate_l2': tensor(-0.0064, device='cuda:0'), 'Episode_Reward/feet_air_time': tensor(0.0243, device='cuda:0'), 'Episode_Reward/flat_orientation_l2': tensor(-0.0025, device='cuda:0'), 'Episode_Reward/dof_pos_limits': tensor(-0.0025, device='cuda:0'), 'Episode_Reward/termination_penalty': tensor(0., device='cuda:0'), 'Episode_Reward/feet_slide': tensor(-0.0185, device='cuda:0'), 'Episode_Reward/joint_deviation_hip': tensor(-0.0254, device='cuda:0'), 'Episode_Reward/joint_deviation_arms': tensor(-0.0273, device='cuda:0'), 'Episode_Reward/joint_deviation_torso': tensor(-0.0073, device='cuda:0'), 'Curriculum/terrain_levels': 15.0, 'Metrics/base_velocity/error_vel_xy': 0.053118616342544556, 'Metrics/base_velocity/error_vel_yaw': 0.022152245044708252, 'Episode_Termination/time_out': 1, 'Episode_Termination/base_contact': 0}
Episode 5 over! Fell: False
[step 1250] Applying push: 0.0 N at angle 304.4 deg
[step 1270] Applying push: 0.0 N at angle 106.7 deg
[step 1290] Applying push: 0.0 N at angle 91.3 deg
[step 1310] Applying push: 0.0 N at angle 252.8 deg
[step 1330] Applying push: 0.0 N at angle 267.1 deg
[step 1350] Applying push: 0.0 N at angle 231.8 deg
[step 1370] Applying push: 0.0 N at angle 261.9 deg
[step 1390] Applying push: 0.0 N at angle 306.9 deg
[step 1410] Applying push: 0.0 N at angle 212.6 deg
[step 1430] Applying push: 0.0 N at angle 220.2 deg
[step 1450] Applying push: 0.0 N at angle 73.2 deg
[step 1470] Applying push: 0.0 N at angle 12.7 deg
[step 1490] Applying push: 0.0 N at angle 176.9 deg
root height right after reset: 2.6097259521484375
termination log: {'Episode_Reward/track_lin_vel_xy_exp': tensor(0.9598, device='cuda:0'), 'Episode_Reward/track_ang_vel_z_exp': tensor(0.9895, device='cuda:0'), 'Episode_Reward/ang_vel_xy_l2': tensor(-0.0071, device='cuda:0'), 'Episode_Reward/dof_torques_l2': tensor(0., device='cuda:0'), 'Episode_Reward/dof_acc_l2': tensor(-0.0080, device='cuda:0'), 'Episode_Reward/action_rate_l2': tensor(-0.0029, device='cuda:0'), 'Episode_Reward/feet_air_time': tensor(0.0186, device='cuda:0'), 'Episode_Reward/flat_orientation_l2': tensor(-0.0024, device='cuda:0'), 'Episode_Reward/dof_pos_limits': tensor(-0.0019, device='cuda:0'), 'Episode_Reward/termination_penalty': tensor(0., device='cuda:0'), 'Episode_Reward/feet_slide': tensor(-0.0103, device='cuda:0'), 'Episode_Reward/joint_deviation_hip': tensor(-0.0175, device='cuda:0'), 'Episode_Reward/joint_deviation_arms': tensor(-0.0200, device='cuda:0'), 'Episode_Reward/joint_deviation_torso': tensor(-0.0041, device='cuda:0'), 'Curriculum/terrain_levels': 15.0, 'Metrics/base_velocity/error_vel_xy': 0.03814416378736496, 'Metrics/base_velocity/error_vel_yaw': 0.01750626415014267, 'Episode_Termination/time_out': 1, 'Episode_Termination/base_contact': 0}
Episode 6 over! Fell: False
[step 1500] Applying push: 0.0 N at angle 313.9 deg
[step 1520] Applying push: 0.0 N at angle 100.3 deg
[step 1540] Applying push: 0.0 N at angle 172.2 deg
[step 1560] Applying push: 0.0 N at angle 195.5 deg
[step 1580] Applying push: 0.0 N at angle 318.9 deg
[step 1600] Applying push: 0.0 N at angle 202.7 deg
[step 1620] Applying push: 0.0 N at angle 49.7 deg
[step 1640] Applying push: 0.0 N at angle 322.6 deg
[step 1660] Applying push: 0.0 N at angle 169.2 deg
[step 1680] Applying push: 0.0 N at angle 251.4 deg
[step 1700] Applying push: 0.0 N at angle 225.6 deg
[step 1720] Applying push: 0.0 N at angle 277.4 deg
[step 1740] Applying push: 0.0 N at angle 17.6 deg
root height right after reset: 2.6097259521484375
termination log: {'Episode_Reward/track_lin_vel_xy_exp': tensor(0.9401, device='cuda:0'), 'Episode_Reward/track_ang_vel_z_exp': tensor(0.9790, device='cuda:0'), 'Episode_Reward/ang_vel_xy_l2': tensor(-0.0086, device='cuda:0'), 'Episode_Reward/dof_torques_l2': tensor(0., device='cuda:0'), 'Episode_Reward/dof_acc_l2': tensor(-0.0094, device='cuda:0'), 'Episode_Reward/action_rate_l2': tensor(-0.0048, device='cuda:0'), 'Episode_Reward/feet_air_time': tensor(0.0198, device='cuda:0'), 'Episode_Reward/flat_orientation_l2': tensor(-0.0035, device='cuda:0'), 'Episode_Reward/dof_pos_limits': tensor(-0.0003, device='cuda:0'), 'Episode_Reward/termination_penalty': tensor(0., device='cuda:0'), 'Episode_Reward/feet_slide': tensor(-0.0147, device='cuda:0'), 'Episode_Reward/joint_deviation_hip': tensor(-0.0216, device='cuda:0'), 'Episode_Reward/joint_deviation_arms': tensor(-0.0246, device='cuda:0'), 'Episode_Reward/joint_deviation_torso': tensor(-0.0050, device='cuda:0'), 'Curriculum/terrain_levels': 15.0, 'Metrics/base_velocity/error_vel_xy': 0.050495751202106476, 'Metrics/base_velocity/error_vel_yaw': 0.025032225996255875, 'Episode_Termination/time_out': 1, 'Episode_Termination/base_contact': 0}
Episode 7 over! Fell: False
[step 1750] Applying push: 0.0 N at angle 201.3 deg
[step 1770] Applying push: 0.0 N at angle 146.6 deg
[step 1790] Applying push: 0.0 N at angle 313.6 deg
[step 1810] Applying push: 0.0 N at angle 169.4 deg
[step 1830] Applying push: 0.0 N at angle 333.5 deg
[step 1850] Applying push: 0.0 N at angle 350.5 deg
[step 1870] Applying push: 0.0 N at angle 77.9 deg
[step 1890] Applying push: 0.0 N at angle 63.3 deg
[step 1910] Applying push: 0.0 N at angle 99.9 deg
[step 1930] Applying push: 0.0 N at angle 44.2 deg
[step 1950] Applying push: 0.0 N at angle 123.6 deg
[step 1970] Applying push: 0.0 N at angle 282.1 deg
[step 1990] Applying push: 0.0 N at angle 304.9 deg
root height right after reset: 2.6097259521484375
termination log: {'Episode_Reward/track_lin_vel_xy_exp': tensor(0.9350, device='cuda:0'), 'Episode_Reward/track_ang_vel_z_exp': tensor(0.9740, device='cuda:0'), 'Episode_Reward/ang_vel_xy_l2': tensor(-0.0093, device='cuda:0'), 'Episode_Reward/dof_torques_l2': tensor(0., device='cuda:0'), 'Episode_Reward/dof_acc_l2': tensor(-0.0128, device='cuda:0'), 'Episode_Reward/action_rate_l2': tensor(-0.0052, device='cuda:0'), 'Episode_Reward/feet_air_time': tensor(0.0208, device='cuda:0'), 'Episode_Reward/flat_orientation_l2': tensor(-0.0032, device='cuda:0'), 'Episode_Reward/dof_pos_limits': tensor(-0.0015, device='cuda:0'), 'Episode_Reward/termination_penalty': tensor(0., device='cuda:0'), 'Episode_Reward/feet_slide': tensor(-0.0158, device='cuda:0'), 'Episode_Reward/joint_deviation_hip': tensor(-0.0258, device='cuda:0'), 'Episode_Reward/joint_deviation_arms': tensor(-0.0281, device='cuda:0'), 'Episode_Reward/joint_deviation_torso': tensor(-0.0054, device='cuda:0'), 'Curriculum/terrain_levels': 15.0, 'Metrics/base_velocity/error_vel_xy': 0.053623493760824203, 'Metrics/base_velocity/error_vel_yaw': 0.028054462745785713, 'Episode_Termination/time_out': 1, 'Episode_Termination/base_contact': 0}
Episode 8 over! Fell: False
[step 2000] Applying push: 0.0 N at angle 288.3 deg
[step 2020] Applying push: 0.0 N at angle 236.5 deg
[step 2040] Applying push: 0.0 N at angle 243.7 deg
[step 2060] Applying push: 0.0 N at angle 232.6 deg
[step 2080] Applying push: 0.0 N at angle 352.0 deg
[step 2100] Applying push: 0.0 N at angle 253.7 deg
[step 2120] Applying push: 0.0 N at angle 142.8 deg
[step 2140] Applying push: 0.0 N at angle 304.6 deg
[step 2160] Applying push: 0.0 N at angle 142.9 deg
[step 2180] Applying push: 0.0 N at angle 25.5 deg
[step 2200] Applying push: 0.0 N at angle 261.7 deg
[step 2220] Applying push: 0.0 N at angle 128.3 deg
[step 2240] Applying push: 0.0 N at angle 282.8 deg
root height right after reset: 2.789665460586548
termination log: {'Episode_Reward/track_lin_vel_xy_exp': tensor(0.9217, device='cuda:0'), 'Episode_Reward/track_ang_vel_z_exp': tensor(0.9598, device='cuda:0'), 'Episode_Reward/ang_vel_xy_l2': tensor(-0.0101, device='cuda:0'), 'Episode_Reward/dof_torques_l2': tensor(0., device='cuda:0'), 'Episode_Reward/dof_acc_l2': tensor(-0.0166, device='cuda:0'), 'Episode_Reward/action_rate_l2': tensor(-0.0117, device='cuda:0'), 'Episode_Reward/feet_air_time': tensor(0.0173, device='cuda:0'), 'Episode_Reward/flat_orientation_l2': tensor(-0.0052, device='cuda:0'), 'Episode_Reward/dof_pos_limits': tensor(-0.0040, device='cuda:0'), 'Episode_Reward/termination_penalty': tensor(0., device='cuda:0'), 'Episode_Reward/feet_slide': tensor(-0.0286, device='cuda:0'), 'Episode_Reward/joint_deviation_hip': tensor(-0.0288, device='cuda:0'), 'Episode_Reward/joint_deviation_arms': tensor(-0.0305, device='cuda:0'), 'Episode_Reward/joint_deviation_torso': tensor(-0.0071, device='cuda:0'), 'Curriculum/terrain_levels': 16.0, 'Metrics/base_velocity/error_vel_xy': 0.06187368184328079, 'Metrics/base_velocity/error_vel_yaw': 0.03946978971362114, 'Episode_Termination/time_out': 1, 'Episode_Termination/base_contact': 0}
Episode 9 over! Fell: False
[step 2250] Applying push: 0.0 N at angle 273.8 deg
[step 2270] Applying push: 0.0 N at angle 86.7 deg
[step 2290] Applying push: 0.0 N at angle 8.6 deg
[step 2310] Applying push: 0.0 N at angle 294.4 deg
[step 2330] Applying push: 0.0 N at angle 292.3 deg
[step 2350] Applying push: 0.0 N at angle 53.6 deg
[step 2370] Applying push: 0.0 N at angle 355.5 deg
[step 2390] Applying push: 0.0 N at angle 97.6 deg
[step 2410] Applying push: 0.0 N at angle 153.8 deg
[step 2430] Applying push: 0.0 N at angle 254.1 deg
[step 2450] Applying push: 0.0 N at angle 356.3 deg
[step 2470] Applying push: 0.0 N at angle 0.0 deg
[step 2490] Applying push: 0.0 N at angle 125.6 deg
root height right after reset: 2.789665460586548
termination log: {'Episode_Reward/track_lin_vel_xy_exp': tensor(0.9518, device='cuda:0'), 'Episode_Reward/track_ang_vel_z_exp': tensor(0.9827, device='cuda:0'), 'Episode_Reward/ang_vel_xy_l2': tensor(-0.0073, device='cuda:0'), 'Episode_Reward/dof_torques_l2': tensor(0., device='cuda:0'), 'Episode_Reward/dof_acc_l2': tensor(-0.0134, device='cuda:0'), 'Episode_Reward/action_rate_l2': tensor(-0.0038, device='cuda:0'), 'Episode_Reward/feet_air_time': tensor(0.0166, device='cuda:0'), 'Episode_Reward/flat_orientation_l2': tensor(-0.0060, device='cuda:0'), 'Episode_Reward/dof_pos_limits': tensor(-0.0022, device='cuda:0'), 'Episode_Reward/termination_penalty': tensor(0., device='cuda:0'), 'Episode_Reward/feet_slide': tensor(-0.0127, device='cuda:0'), 'Episode_Reward/joint_deviation_hip': tensor(-0.0179, device='cuda:0'), 'Episode_Reward/joint_deviation_arms': tensor(-0.0218, device='cuda:0'), 'Episode_Reward/joint_deviation_torso': tensor(-0.0064, device='cuda:0'), 'Curriculum/terrain_levels': 16.0, 'Metrics/base_velocity/error_vel_xy': 0.04683602601289749, 'Metrics/base_velocity/error_vel_yaw': 0.021109314635396004, 'Episode_Termination/time_out': 1, 'Episode_Termination/base_contact': 0}
Episode 10 over! Fell: False
[step 2500] Applying push: 0.0 N at angle 14.0 deg
[step 2520] Applying push: 0.0 N at angle 354.7 deg
[step 2540] Applying push: 0.0 N at angle 265.9 deg
[step 2560] Applying push: 0.0 N at angle 217.9 deg
[step 2580] Applying push: 0.0 N at angle 247.0 deg
[step 2600] Applying push: 0.0 N at angle 130.5 deg
[step 2620] Applying push: 0.0 N at angle 279.7 deg
[step 2640] Applying push: 0.0 N at angle 117.6 deg
[step 2660] Applying push: 0.0 N at angle 297.6 deg
[step 2680] Applying push: 0.0 N at angle 193.0 deg
[step 2700] Applying push: 0.0 N at angle 59.6 deg
[step 2720] Applying push: 0.0 N at angle 117.9 deg
[step 2740] Applying push: 0.0 N at angle 227.1 deg
root height right after reset: 2.789665460586548
termination log: {'Episode_Reward/track_lin_vel_xy_exp': tensor(0.9459, device='cuda:0'), 'Episode_Reward/track_ang_vel_z_exp': tensor(0.9772, device='cuda:0'), 'Episode_Reward/ang_vel_xy_l2': tensor(-0.0087, device='cuda:0'), 'Episode_Reward/dof_torques_l2': tensor(0., device='cuda:0'), 'Episode_Reward/dof_acc_l2': tensor(-0.0143, device='cuda:0'), 'Episode_Reward/action_rate_l2': tensor(-0.0046, device='cuda:0'), 'Episode_Reward/feet_air_time': tensor(0.0190, device='cuda:0'), 'Episode_Reward/flat_orientation_l2': tensor(-0.0063, device='cuda:0'), 'Episode_Reward/dof_pos_limits': tensor(-0.0012, device='cuda:0'), 'Episode_Reward/termination_penalty': tensor(0., device='cuda:0'), 'Episode_Reward/feet_slide': tensor(-0.0161, device='cuda:0'), 'Episode_Reward/joint_deviation_hip': tensor(-0.0251, device='cuda:0'), 'Episode_Reward/joint_deviation_arms': tensor(-0.0248, device='cuda:0'), 'Episode_Reward/joint_deviation_torso': tensor(-0.0054, device='cuda:0'), 'Curriculum/terrain_levels': 16.0, 'Metrics/base_velocity/error_vel_xy': 0.050626568496227264, 'Metrics/base_velocity/error_vel_yaw': 0.02656698413193226, 'Episode_Termination/time_out': 1, 'Episode_Termination/base_contact': 0}
Episode 11 over! Fell: False
[step 2750] Applying push: 0.0 N at angle 319.7 deg
[step 2770] Applying push: 0.0 N at angle 314.7 deg
[step 2790] Applying push: 0.0 N at angle 190.2 deg
[step 2810] Applying push: 0.0 N at angle 155.3 deg
[step 2830] Applying push: 0.0 N at angle 106.3 deg
[step 2850] Applying push: 0.0 N at angle 191.0 deg
[step 2870] Applying push: 0.0 N at angle 271.2 deg
[step 2890] Applying push: 0.0 N at angle 66.1 deg
[step 2910] Applying push: 0.0 N at angle 179.6 deg
[step 2930] Applying push: 0.0 N at angle 88.2 deg
[step 2950] Applying push: 0.0 N at angle 118.0 deg
[step 2970] Applying push: 0.0 N at angle 43.6 deg
[step 2990] Applying push: 0.0 N at angle 271.1 deg
root height right after reset: 2.789665460586548
termination log: {'Episode_Reward/track_lin_vel_xy_exp': tensor(0.9488, device='cuda:0'), 'Episode_Reward/track_ang_vel_z_exp': tensor(0.9842, device='cuda:0'), 'Episode_Reward/ang_vel_xy_l2': tensor(-0.0077, device='cuda:0'), 'Episode_Reward/dof_torques_l2': tensor(0., device='cuda:0'), 'Episode_Reward/dof_acc_l2': tensor(-0.0079, device='cuda:0'), 'Episode_Reward/action_rate_l2': tensor(-0.0040, device='cuda:0'), 'Episode_Reward/feet_air_time': tensor(0.0175, device='cuda:0'), 'Episode_Reward/flat_orientation_l2': tensor(-0.0052, device='cuda:0'), 'Episode_Reward/dof_pos_limits': tensor(-0.0030, device='cuda:0'), 'Episode_Reward/termination_penalty': tensor(0., device='cuda:0'), 'Episode_Reward/feet_slide': tensor(-0.0170, device='cuda:0'), 'Episode_Reward/joint_deviation_hip': tensor(-0.0190, device='cuda:0'), 'Episode_Reward/joint_deviation_arms': tensor(-0.0225, device='cuda:0'), 'Episode_Reward/joint_deviation_torso': tensor(-0.0067, device='cuda:0'), 'Curriculum/terrain_levels': 16.0, 'Metrics/base_velocity/error_vel_xy': 0.04590392857789993, 'Metrics/base_velocity/error_vel_yaw': 0.02115241438150406, 'Episode_Termination/time_out': 1, 'Episode_Termination/base_contact': 0}
Episode 12 over! Fell: False
[step 3000] Applying push: 0.0 N at angle 235.9 deg
[step 3020] Applying push: 0.0 N at angle 189.2 deg
[step 3040] Applying push: 0.0 N at angle 194.2 deg
[step 3060] Applying push: 0.0 N at angle 323.8 deg
[step 3080] Applying push: 0.0 N at angle 76.4 deg
[step 3100] Applying push: 0.0 N at angle 233.8 deg
[step 3120] Applying push: 0.0 N at angle 32.8 deg
[step 3140] Applying push: 0.0 N at angle 275.0 deg
[step 3160] Applying push: 0.0 N at angle 198.1 deg
[step 3180] Applying push: 0.0 N at angle 326.2 deg
[step 3200] Applying push: 0.0 N at angle 42.3 deg
[step 3220] Applying push: 0.0 N at angle 256.8 deg
[step 3240] Applying push: 0.0 N at angle 67.5 deg
root height right after reset: 2.7121782302856445
termination log: {'Episode_Reward/track_lin_vel_xy_exp': tensor(0.9131, device='cuda:0'), 'Episode_Reward/track_ang_vel_z_exp': tensor(0.9501, device='cuda:0'), 'Episode_Reward/ang_vel_xy_l2': tensor(-0.0099, device='cuda:0'), 'Episode_Reward/dof_torques_l2': tensor(0., device='cuda:0'), 'Episode_Reward/dof_acc_l2': tensor(-0.0163, device='cuda:0'), 'Episode_Reward/action_rate_l2': tensor(-0.0086, device='cuda:0'), 'Episode_Reward/feet_air_time': tensor(0.0192, device='cuda:0'), 'Episode_Reward/flat_orientation_l2': tensor(-0.0029, device='cuda:0'), 'Episode_Reward/dof_pos_limits': tensor(-0.0068, device='cuda:0'), 'Episode_Reward/termination_penalty': tensor(0., device='cuda:0'), 'Episode_Reward/feet_slide': tensor(-0.0216, device='cuda:0'), 'Episode_Reward/joint_deviation_hip': tensor(-0.0294, device='cuda:0'), 'Episode_Reward/joint_deviation_arms': tensor(-0.0306, device='cuda:0'), 'Episode_Reward/joint_deviation_torso': tensor(-0.0083, device='cuda:0'), 'Curriculum/terrain_levels': 17.0, 'Metrics/base_velocity/error_vel_xy': 0.0699843242764473, 'Metrics/base_velocity/error_vel_yaw': 0.04529469460248947, 'Episode_Termination/time_out': 1, 'Episode_Termination/base_contact': 0}
Episode 13 over! Fell: False
[step 3250] Applying push: 0.0 N at angle 250.2 deg
[step 3270] Applying push: 0.0 N at angle 55.8 deg
[step 3290] Applying push: 0.0 N at angle 159.9 deg
[step 3310] Applying push: 0.0 N at angle 254.0 deg
[step 3330] Applying push: 0.0 N at angle 196.0 deg
[step 3350] Applying push: 0.0 N at angle 333.2 deg
[step 3370] Applying push: 0.0 N at angle 348.2 deg
[step 3390] Applying push: 0.0 N at angle 3.2 deg
[step 3410] Applying push: 0.0 N at angle 281.7 deg
[step 3430] Applying push: 0.0 N at angle 268.3 deg
[step 3450] Applying push: 0.0 N at angle 94.0 deg
[step 3470] Applying push: 0.0 N at angle 246.9 deg
[step 3490] Applying push: 0.0 N at angle 148.7 deg
root height right after reset: 2.7121782302856445
termination log: {'Episode_Reward/track_lin_vel_xy_exp': tensor(0.9583, device='cuda:0'), 'Episode_Reward/track_ang_vel_z_exp': tensor(0.9881, device='cuda:0'), 'Episode_Reward/ang_vel_xy_l2': tensor(-0.0073, device='cuda:0'), 'Episode_Reward/dof_torques_l2': tensor(0., device='cuda:0'), 'Episode_Reward/dof_acc_l2': tensor(-0.0073, device='cuda:0'), 'Episode_Reward/action_rate_l2': tensor(-0.0028, device='cuda:0'), 'Episode_Reward/feet_air_time': tensor(0.0178, device='cuda:0'), 'Episode_Reward/flat_orientation_l2': tensor(-0.0026, device='cuda:0'), 'Episode_Reward/dof_pos_limits': tensor(-0.0005, device='cuda:0'), 'Episode_Reward/termination_penalty': tensor(0., device='cuda:0'), 'Episode_Reward/feet_slide': tensor(-0.0113, device='cuda:0'), 'Episode_Reward/joint_deviation_hip': tensor(-0.0180, device='cuda:0'), 'Episode_Reward/joint_deviation_arms': tensor(-0.0194, device='cuda:0'), 'Episode_Reward/joint_deviation_torso': tensor(-0.0042, device='cuda:0'), 'Curriculum/terrain_levels': 17.0, 'Metrics/base_velocity/error_vel_xy': 0.03949754312634468, 'Metrics/base_velocity/error_vel_yaw': 0.018154917284846306, 'Episode_Termination/time_out': 1, 'Episode_Termination/base_contact': 0}
Episode 14 over! Fell: False
[step 3500] Applying push: 0.0 N at angle 47.5 deg
[step 3520] Applying push: 0.0 N at angle 119.6 deg
[step 3540] Applying push: 0.0 N at angle 332.1 deg
[step 3560] Applying push: 0.0 N at angle 53.3 deg
[step 3580] Applying push: 0.0 N at angle 137.3 deg
[step 3600] Applying push: 0.0 N at angle 335.9 deg
[step 3620] Applying push: 0.0 N at angle 140.2 deg
[step 3640] Applying push: 0.0 N at angle 129.8 deg
[step 3660] Applying push: 0.0 N at angle 117.1 deg
[step 3680] Applying push: 0.0 N at angle 330.3 deg
[step 3700] Applying push: 0.0 N at angle 81.9 deg
[step 3720] Applying push: 0.0 N at angle 261.4 deg
[step 3740] Applying push: 0.0 N at angle 187.3 deg
root height right after reset: 2.7121782302856445
termination log: {'Episode_Reward/track_lin_vel_xy_exp': tensor(0.9977, device='cuda:0'), 'Episode_Reward/track_ang_vel_z_exp': tensor(0.9981, device='cuda:0'), 'Episode_Reward/ang_vel_xy_l2': tensor(-0.0002, device='cuda:0'), 'Episode_Reward/dof_torques_l2': tensor(0., device='cuda:0'), 'Episode_Reward/dof_acc_l2': tensor(-0.0004, device='cuda:0'), 'Episode_Reward/action_rate_l2': tensor(-9.5573e-05, device='cuda:0'), 'Episode_Reward/feet_air_time': tensor(0., device='cuda:0'), 'Episode_Reward/flat_orientation_l2': tensor(-0.0166, device='cuda:0'), 'Episode_Reward/dof_pos_limits': tensor(0., device='cuda:0'), 'Episode_Reward/termination_penalty': tensor(0., device='cuda:0'), 'Episode_Reward/feet_slide': tensor(-0.0010, device='cuda:0'), 'Episode_Reward/joint_deviation_hip': tensor(-0.0126, device='cuda:0'), 'Episode_Reward/joint_deviation_arms': tensor(-0.0107, device='cuda:0'), 'Episode_Reward/joint_deviation_torso': tensor(-0.0082, device='cuda:0'), 'Curriculum/terrain_levels': 17.0, 'Metrics/base_velocity/error_vel_xy': 0.009995891712605953, 'Metrics/base_velocity/error_vel_yaw': 0.008807172067463398, 'Episode_Termination/time_out': 1, 'Episode_Termination/base_contact': 0}
Episode 15 over! Fell: False
[step 3750] Applying push: 0.0 N at angle 33.3 deg
[step 3770] Applying push: 0.0 N at angle 191.8 deg
[step 3790] Applying push: 0.0 N at angle 294.7 deg
[step 3810] Applying push: 0.0 N at angle 207.4 deg
[step 3830] Applying push: 0.0 N at angle 117.6 deg
[step 3850] Applying push: 0.0 N at angle 14.5 deg
[step 3870] Applying push: 0.0 N at angle 331.0 deg
[step 3890] Applying push: 0.0 N at angle 219.8 deg
[step 3910] Applying push: 0.0 N at angle 227.1 deg
[step 3930] Applying push: 0.0 N at angle 70.4 deg
[step 3950] Applying push: 0.0 N at angle 274.2 deg
[step 3970] Applying push: 0.0 N at angle 314.4 deg
[step 3990] Applying push: 0.0 N at angle 142.4 deg
root height right after reset: 2.7121782302856445
termination log: {'Episode_Reward/track_lin_vel_xy_exp': tensor(0.9255, device='cuda:0'), 'Episode_Reward/track_ang_vel_z_exp': tensor(0.9775, device='cuda:0'), 'Episode_Reward/ang_vel_xy_l2': tensor(-0.0102, device='cuda:0'), 'Episode_Reward/dof_torques_l2': tensor(0., device='cuda:0'), 'Episode_Reward/dof_acc_l2': tensor(-0.0089, device='cuda:0'), 'Episode_Reward/action_rate_l2': tensor(-0.0061, device='cuda:0'), 'Episode_Reward/feet_air_time': tensor(0.0242, device='cuda:0'), 'Episode_Reward/flat_orientation_l2': tensor(-0.0027, device='cuda:0'), 'Episode_Reward/dof_pos_limits': tensor(-0.0029, device='cuda:0'), 'Episode_Reward/termination_penalty': tensor(0., device='cuda:0'), 'Episode_Reward/feet_slide': tensor(-0.0113, device='cuda:0'), 'Episode_Reward/joint_deviation_hip': tensor(-0.0210, device='cuda:0'), 'Episode_Reward/joint_deviation_arms': tensor(-0.0297, device='cuda:0'), 'Episode_Reward/joint_deviation_torso': tensor(-0.0075, device='cuda:0'), 'Curriculum/terrain_levels': 17.0, 'Metrics/base_velocity/error_vel_xy': 0.058631330728530884, 'Metrics/base_velocity/error_vel_yaw': 0.02779225818812847, 'Episode_Termination/time_out': 1, 'Episode_Termination/base_contact': 0}
Episode 16 over! Fell: False
[step 4000] Applying push: 0.0 N at angle 306.1 deg
[step 4020] Applying push: 0.0 N at angle 247.3 deg
[step 4040] Applying push: 0.0 N at angle 277.0 deg
[step 4060] Applying push: 0.0 N at angle 204.4 deg
[step 4080] Applying push: 0.0 N at angle 180.1 deg
[step 4100] Applying push: 0.0 N at angle 136.8 deg
[step 4120] Applying push: 0.0 N at angle 118.4 deg
[step 4140] Applying push: 0.0 N at angle 83.0 deg
[step 4160] Applying push: 0.0 N at angle 230.9 deg
[step 4180] Applying push: 0.0 N at angle 27.2 deg
[step 4200] Applying push: 0.0 N at angle 216.4 deg
[step 4220] Applying push: 0.0 N at angle 286.3 deg
[step 4240] Applying push: 0.0 N at angle 40.2 deg
root height right after reset: 2.7121782302856445
termination log: {'Episode_Reward/track_lin_vel_xy_exp': tensor(0.9420, device='cuda:0'), 'Episode_Reward/track_ang_vel_z_exp': tensor(0.9813, device='cuda:0'), 'Episode_Reward/ang_vel_xy_l2': tensor(-0.0084, device='cuda:0'), 'Episode_Reward/dof_torques_l2': tensor(0., device='cuda:0'), 'Episode_Reward/dof_acc_l2': tensor(-0.0119, device='cuda:0'), 'Episode_Reward/action_rate_l2': tensor(-0.0046, device='cuda:0'), 'Episode_Reward/feet_air_time': tensor(0.0200, device='cuda:0'), 'Episode_Reward/flat_orientation_l2': tensor(-0.0037, device='cuda:0'), 'Episode_Reward/dof_pos_limits': tensor(-0.0021, device='cuda:0'), 'Episode_Reward/termination_penalty': tensor(0., device='cuda:0'), 'Episode_Reward/feet_slide': tensor(-0.0191, device='cuda:0'), 'Episode_Reward/joint_deviation_hip': tensor(-0.0197, device='cuda:0'), 'Episode_Reward/joint_deviation_arms': tensor(-0.0255, device='cuda:0'), 'Episode_Reward/joint_deviation_torso': tensor(-0.0064, device='cuda:0'), 'Curriculum/terrain_levels': 17.0, 'Metrics/base_velocity/error_vel_xy': 0.048392027616500854, 'Metrics/base_velocity/error_vel_yaw': 0.0248760674148798, 'Episode_Termination/time_out': 1, 'Episode_Termination/base_contact': 0}
Episode 17 over! Fell: False
[step 4250] Applying push: 0.0 N at angle 306.4 deg
[step 4270] Applying push: 0.0 N at angle 172.6 deg
[step 4290] Applying push: 0.0 N at angle 290.0 deg
[step 4310] Applying push: 0.0 N at angle 5.2 deg
[step 4330] Applying push: 0.0 N at angle 111.1 deg
[step 4350] Applying push: 0.0 N at angle 191.0 deg
[step 4370] Applying push: 0.0 N at angle 165.3 deg
[step 4390] Applying push: 0.0 N at angle 257.3 deg
[step 4410] Applying push: 0.0 N at angle 117.8 deg
[step 4430] Applying push: 0.0 N at angle 63.3 deg
[step 4450] Applying push: 0.0 N at angle 262.1 deg
[step 4470] Applying push: 0.0 N at angle 2.1 deg
[step 4490] Applying push: 0.0 N at angle 105.8 deg
root height right after reset: 2.7121782302856445
termination log: {'Episode_Reward/track_lin_vel_xy_exp': tensor(0.9477, device='cuda:0'), 'Episode_Reward/track_ang_vel_z_exp': tensor(0.9840, device='cuda:0'), 'Episode_Reward/ang_vel_xy_l2': tensor(-0.0080, device='cuda:0'), 'Episode_Reward/dof_torques_l2': tensor(0., device='cuda:0'), 'Episode_Reward/dof_acc_l2': tensor(-0.0068, device='cuda:0'), 'Episode_Reward/action_rate_l2': tensor(-0.0040, device='cuda:0'), 'Episode_Reward/feet_air_time': tensor(0.0187, device='cuda:0'), 'Episode_Reward/flat_orientation_l2': tensor(-0.0049, device='cuda:0'), 'Episode_Reward/dof_pos_limits': tensor(-0.0021, device='cuda:0'), 'Episode_Reward/termination_penalty': tensor(0., device='cuda:0'), 'Episode_Reward/feet_slide': tensor(-0.0139, device='cuda:0'), 'Episode_Reward/joint_deviation_hip': tensor(-0.0201, device='cuda:0'), 'Episode_Reward/joint_deviation_arms': tensor(-0.0239, device='cuda:0'), 'Episode_Reward/joint_deviation_torso': tensor(-0.0071, device='cuda:0'), 'Curriculum/terrain_levels': 17.0, 'Metrics/base_velocity/error_vel_xy': 0.04642287641763687, 'Metrics/base_velocity/error_vel_yaw': 0.02301253192126751, 'Episode_Termination/time_out': 1, 'Episode_Termination/base_contact': 0}
Episode 18 over! Fell: False
[step 4500] Applying push: 0.0 N at angle 59.5 deg
[step 4520] Applying push: 0.0 N at angle 136.5 deg
[step 4540] Applying push: 0.0 N at angle 159.8 deg
[step 4560] Applying push: 0.0 N at angle 84.7 deg
[step 4580] Applying push: 0.0 N at angle 163.8 deg
[step 4600] Applying push: 0.0 N at angle 220.6 deg
[step 4620] Applying push: 0.0 N at angle 250.8 deg
[step 4640] Applying push: 0.0 N at angle 174.1 deg
[step 4660] Applying push: 0.0 N at angle 339.6 deg
[step 4680] Applying push: 0.0 N at angle 104.9 deg
[step 4700] Applying push: 0.0 N at angle 118.7 deg
[step 4720] Applying push: 0.0 N at angle 98.3 deg
[step 4740] Applying push: 0.0 N at angle 273.1 deg
root height right after reset: 2.7121782302856445
termination log: {'Episode_Reward/track_lin_vel_xy_exp': tensor(0.9495, device='cuda:0'), 'Episode_Reward/track_ang_vel_z_exp': tensor(0.9771, device='cuda:0'), 'Episode_Reward/ang_vel_xy_l2': tensor(-0.0066, device='cuda:0'), 'Episode_Reward/dof_torques_l2': tensor(0., device='cuda:0'), 'Episode_Reward/dof_acc_l2': tensor(-0.0079, device='cuda:0'), 'Episode_Reward/action_rate_l2': tensor(-0.0041, device='cuda:0'), 'Episode_Reward/feet_air_time': tensor(0.0144, device='cuda:0'), 'Episode_Reward/flat_orientation_l2': tensor(-0.0045, device='cuda:0'), 'Episode_Reward/dof_pos_limits': tensor(-0.0026, device='cuda:0'), 'Episode_Reward/termination_penalty': tensor(0., device='cuda:0'), 'Episode_Reward/feet_slide': tensor(-0.0166, device='cuda:0'), 'Episode_Reward/joint_deviation_hip': tensor(-0.0186, device='cuda:0'), 'Episode_Reward/joint_deviation_arms': tensor(-0.0231, device='cuda:0'), 'Episode_Reward/joint_deviation_torso': tensor(-0.0050, device='cuda:0'), 'Curriculum/terrain_levels': 17.0, 'Metrics/base_velocity/error_vel_xy': 0.04634588211774826, 'Metrics/base_velocity/error_vel_yaw': 0.028807397931814194, 'Episode_Termination/time_out': 1, 'Episode_Termination/base_contact': 0}
Episode 19 over! Fell: False
[step 4750] Applying push: 0.0 N at angle 151.8 deg
[step 4770] Applying push: 0.0 N at angle 236.4 deg
[step 4790] Applying push: 0.0 N at angle 15.4 deg
[step 4810] Applying push: 0.0 N at angle 193.5 deg
[step 4830] Applying push: 0.0 N at angle 82.0 deg
[step 4850] Applying push: 0.0 N at angle 142.4 deg
[step 4870] Applying push: 0.0 N at angle 250.5 deg
[step 4890] Applying push: 0.0 N at angle 183.6 deg
[step 4910] Applying push: 0.0 N at angle 293.4 deg
[step 4930] Applying push: 0.0 N at angle 205.5 deg
[step 4950] Applying push: 0.0 N at angle 74.1 deg
[step 4970] Applying push: 0.0 N at angle 173.4 deg
[step 4990] Applying push: 0.0 N at angle 42.5 deg
root height right after reset: 2.7121782302856445
termination log: {'Episode_Reward/track_lin_vel_xy_exp': tensor(0.9304, device='cuda:0'), 'Episode_Reward/track_ang_vel_z_exp': tensor(0.9828, device='cuda:0'), 'Episode_Reward/ang_vel_xy_l2': tensor(-0.0105, device='cuda:0'), 'Episode_Reward/dof_torques_l2': tensor(0., device='cuda:0'), 'Episode_Reward/dof_acc_l2': tensor(-0.0194, device='cuda:0'), 'Episode_Reward/action_rate_l2': tensor(-0.0064, device='cuda:0'), 'Episode_Reward/feet_air_time': tensor(0.0252, device='cuda:0'), 'Episode_Reward/flat_orientation_l2': tensor(-0.0028, device='cuda:0'), 'Episode_Reward/dof_pos_limits': tensor(-0.0030, device='cuda:0'), 'Episode_Reward/termination_penalty': tensor(0., device='cuda:0'), 'Episode_Reward/feet_slide': tensor(-0.0130, device='cuda:0'), 'Episode_Reward/joint_deviation_hip': tensor(-0.0311, device='cuda:0'), 'Episode_Reward/joint_deviation_arms': tensor(-0.0288, device='cuda:0'), 'Episode_Reward/joint_deviation_torso': tensor(-0.0065, device='cuda:0'), 'Curriculum/terrain_levels': 17.0, 'Metrics/base_velocity/error_vel_xy': 0.055315740406513214, 'Metrics/base_velocity/error_vel_yaw': 0.022818725556135178, 'Episode_Termination/time_out': 1, 'Episode_Termination/base_contact': 0}
Episode 20 over! Fell: False
===============
Expert Stairway Terrain w/o perturbation
===============
Push force (N):  0.0
Push interval (steps):  10
Push duration (steps):  10
Number of episodes:  20
Fall count:  0
Fall rate:  0.0
Length of episode:  [249, 249, 249, 249, 249, 249, 249, 249, 249, 249, 249, 249, 249, 249, 249, 249, 249, 249, 249, 249]
Average length of episode:  249.0
Per episode reward:  [8.330471209716052, 9.19709649682045, 8.740422860719264, 9.191448401659727, 9.095651467097923, 9.43118655309081, 9.194505034945905, 9.074273902922869, 8.74532865989022, 9.262807488441467, 9.139087443705648, 9.252124594524503, 8.701428211992607, 9.416259035468102, 9.691048249602318, 9.095559139735997, 9.176006332039833, 9.262074841186404, 9.220819920301437, 9.046682295855135]
Average reward:  9.113214106985833
Total reward:  182.26428213971667 
