$ python3 scripts/ulbc_v2/3.test/unified_stairway_perturbation.py --push_force 50 --push_interval 10 --push_duration 10

Creating window for environment.
[INFO]: Completed setting up the environment...
Using cuda device
Pushing default root body: pelvis (pass --push_body_name to target a different link)
root height right after reset: 1.8148170709609985
[step 10] Applying push: 50.0 N at angle 252.0 deg
[step 30] Applying push: 50.0 N at angle 26.2 deg
[step 50] Applying push: 50.0 N at angle 82.4 deg
[step 70] Applying push: 50.0 N at angle 266.6 deg
[step 90] Applying push: 50.0 N at angle 131.8 deg
[step 110] Applying push: 50.0 N at angle 271.7 deg
[step 130] Applying push: 50.0 N at angle 77.9 deg
[step 150] Applying push: 50.0 N at angle 231.2 deg
[step 170] Applying push: 50.0 N at angle 10.6 deg
[step 190] Applying push: 50.0 N at angle 78.7 deg
[step 210] Applying push: 50.0 N at angle 70.3 deg
[step 230] Applying push: 50.0 N at angle 50.9 deg
root height right after reset: 1.8148170709609985
termination log: {'Episode_Reward/track_lin_vel_xy_exp': tensor(0.8730, device='cuda:0'), 'Episode_Reward/track_ang_vel_z_exp': tensor(0.8711, device='cuda:0'), 'Episode_Reward/ang_vel_xy_l2': tensor(-0.0103, device='cuda:0'), 'Episode_Reward/dof_torques_l2': tensor(0., device='cuda:0'), 'Episode_Reward/dof_acc_l2': tensor(-0.0129, device='cuda:0'), 'Episode_Reward/action_rate_l2': tensor(-0.0076, device='cuda:0'), 'Episode_Reward/feet_air_time': tensor(0.0237, device='cuda:0'), 'Episode_Reward/flat_orientation_l2': tensor(-0.0060, device='cuda:0'), 'Episode_Reward/dof_pos_limits': tensor(-0.0029, device='cuda:0'), 'Episode_Reward/termination_penalty': tensor(0., device='cuda:0'), 'Episode_Reward/feet_slide': tensor(-0.0176, device='cuda:0'), 'Episode_Reward/joint_deviation_hip': tensor(-0.0290, device='cuda:0'), 'Episode_Reward/joint_deviation_arms': tensor(-0.0313, device='cuda:0'), 'Episode_Reward/joint_deviation_torso': tensor(-0.0058, device='cuda:0'), 'Curriculum/terrain_levels': 8.0, 'Metrics/base_velocity/error_vel_xy': 0.08565378934144974, 'Metrics/base_velocity/error_vel_yaw': 0.07784229516983032, 'Episode_Termination/time_out': 1, 'Episode_Termination/base_contact': 0}
Episode 1 over! Fell: False
[step 250] Applying push: 50.0 N at angle 294.7 deg
[step 270] Applying push: 50.0 N at angle 193.8 deg
[step 290] Applying push: 50.0 N at angle 164.1 deg
[step 310] Applying push: 50.0 N at angle 4.2 deg
[step 330] Applying push: 50.0 N at angle 130.8 deg
[step 350] Applying push: 50.0 N at angle 44.7 deg
[step 370] Applying push: 50.0 N at angle 136.1 deg
[step 390] Applying push: 50.0 N at angle 236.4 deg
[step 410] Applying push: 50.0 N at angle 298.9 deg
[step 430] Applying push: 50.0 N at angle 200.6 deg
[step 450] Applying push: 50.0 N at angle 218.6 deg
[step 470] Applying push: 50.0 N at angle 195.3 deg
[step 490] Applying push: 50.0 N at angle 2.8 deg
root height right after reset: 1.8148170709609985
termination log: {'Episode_Reward/track_lin_vel_xy_exp': tensor(0.8692, device='cuda:0'), 'Episode_Reward/track_ang_vel_z_exp': tensor(0.9090, device='cuda:0'), 'Episode_Reward/ang_vel_xy_l2': tensor(-0.0088, device='cuda:0'), 'Episode_Reward/dof_torques_l2': tensor(0., device='cuda:0'), 'Episode_Reward/dof_acc_l2': tensor(-0.0072, device='cuda:0'), 'Episode_Reward/action_rate_l2': tensor(-0.0042, device='cuda:0'), 'Episode_Reward/feet_air_time': tensor(0.0214, device='cuda:0'), 'Episode_Reward/flat_orientation_l2': tensor(-0.0031, device='cuda:0'), 'Episode_Reward/dof_pos_limits': tensor(-0.0008, device='cuda:0'), 'Episode_Reward/termination_penalty': tensor(0., device='cuda:0'), 'Episode_Reward/feet_slide': tensor(-0.0125, device='cuda:0'), 'Episode_Reward/joint_deviation_hip': tensor(-0.0189, device='cuda:0'), 'Episode_Reward/joint_deviation_arms': tensor(-0.0234, device='cuda:0'), 'Episode_Reward/joint_deviation_torso': tensor(-0.0046, device='cuda:0'), 'Curriculum/terrain_levels': 8.0, 'Metrics/base_velocity/error_vel_xy': 0.08774422854185104, 'Metrics/base_velocity/error_vel_yaw': 0.06532022356987, 'Episode_Termination/time_out': 1, 'Episode_Termination/base_contact': 0}
Episode 2 over! Fell: False
[step 500] Applying push: 50.0 N at angle 213.6 deg
[step 520] Applying push: 50.0 N at angle 157.2 deg
[step 540] Applying push: 50.0 N at angle 245.9 deg
[step 560] Applying push: 50.0 N at angle 252.9 deg
[step 580] Applying push: 50.0 N at angle 56.0 deg
[step 600] Applying push: 50.0 N at angle 61.2 deg
[step 620] Applying push: 50.0 N at angle 244.8 deg
[step 640] Applying push: 50.0 N at angle 256.8 deg
[step 660] Applying push: 50.0 N at angle 40.7 deg
[step 680] Applying push: 50.0 N at angle 268.4 deg
[step 700] Applying push: 50.0 N at angle 257.0 deg
[step 720] Applying push: 50.0 N at angle 172.2 deg
[step 740] Applying push: 50.0 N at angle 242.2 deg
root height right after reset: 1.8148170709609985
termination log: {'Episode_Reward/track_lin_vel_xy_exp': tensor(0.8232, device='cuda:0'), 'Episode_Reward/track_ang_vel_z_exp': tensor(0.8845, device='cuda:0'), 'Episode_Reward/ang_vel_xy_l2': tensor(-0.0096, device='cuda:0'), 'Episode_Reward/dof_torques_l2': tensor(0., device='cuda:0'), 'Episode_Reward/dof_acc_l2': tensor(-0.0108, device='cuda:0'), 'Episode_Reward/action_rate_l2': tensor(-0.0056, device='cuda:0'), 'Episode_Reward/feet_air_time': tensor(0.0200, device='cuda:0'), 'Episode_Reward/flat_orientation_l2': tensor(-0.0072, device='cuda:0'), 'Episode_Reward/dof_pos_limits': tensor(-0.0014, device='cuda:0'), 'Episode_Reward/termination_penalty': tensor(0., device='cuda:0'), 'Episode_Reward/feet_slide': tensor(-0.0203, device='cuda:0'), 'Episode_Reward/joint_deviation_hip': tensor(-0.0225, device='cuda:0'), 'Episode_Reward/joint_deviation_arms': tensor(-0.0263, device='cuda:0'), 'Episode_Reward/joint_deviation_torso': tensor(-0.0054, device='cuda:0'), 'Curriculum/terrain_levels': 8.0, 'Metrics/base_velocity/error_vel_xy': 0.10512325167655945, 'Metrics/base_velocity/error_vel_yaw': 0.07270932197570801, 'Episode_Termination/time_out': 1, 'Episode_Termination/base_contact': 0}
Episode 3 over! Fell: False
[step 750] Applying push: 50.0 N at angle 312.4 deg
[step 770] Applying push: 50.0 N at angle 299.3 deg
[step 790] Applying push: 50.0 N at angle 186.3 deg
[step 810] Applying push: 50.0 N at angle 171.0 deg
[step 830] Applying push: 50.0 N at angle 143.1 deg
[step 850] Applying push: 50.0 N at angle 234.3 deg
[step 870] Applying push: 50.0 N at angle 2.4 deg
[step 890] Applying push: 50.0 N at angle 263.9 deg
[step 910] Applying push: 50.0 N at angle 75.8 deg
[step 930] Applying push: 50.0 N at angle 14.7 deg
[step 950] Applying push: 50.0 N at angle 77.4 deg
[step 970] Applying push: 50.0 N at angle 275.5 deg
[step 990] Applying push: 50.0 N at angle 234.3 deg
root height right after reset: 1.8148170709609985
termination log: {'Episode_Reward/track_lin_vel_xy_exp': tensor(0.8690, device='cuda:0'), 'Episode_Reward/track_ang_vel_z_exp': tensor(0.8829, device='cuda:0'), 'Episode_Reward/ang_vel_xy_l2': tensor(-0.0115, device='cuda:0'), 'Episode_Reward/dof_torques_l2': tensor(0., device='cuda:0'), 'Episode_Reward/dof_acc_l2': tensor(-0.0130, device='cuda:0'), 'Episode_Reward/action_rate_l2': tensor(-0.0072, device='cuda:0'), 'Episode_Reward/feet_air_time': tensor(0.0210, device='cuda:0'), 'Episode_Reward/flat_orientation_l2': tensor(-0.0047, device='cuda:0'), 'Episode_Reward/dof_pos_limits': tensor(-0.0009, device='cuda:0'), 'Episode_Reward/termination_penalty': tensor(0., device='cuda:0'), 'Episode_Reward/feet_slide': tensor(-0.0165, device='cuda:0'), 'Episode_Reward/joint_deviation_hip': tensor(-0.0241, device='cuda:0'), 'Episode_Reward/joint_deviation_arms': tensor(-0.0281, device='cuda:0'), 'Episode_Reward/joint_deviation_torso': tensor(-0.0060, device='cuda:0'), 'Curriculum/terrain_levels': 8.0, 'Metrics/base_velocity/error_vel_xy': 0.09205345809459686, 'Metrics/base_velocity/error_vel_yaw': 0.07634042948484421, 'Episode_Termination/time_out': 1, 'Episode_Termination/base_contact': 0}
Episode 4 over! Fell: False
[step 1000] Applying push: 50.0 N at angle 155.9 deg
[step 1020] Applying push: 50.0 N at angle 238.0 deg
[step 1040] Applying push: 50.0 N at angle 177.8 deg
[step 1060] Applying push: 50.0 N at angle 157.6 deg
[step 1080] Applying push: 50.0 N at angle 27.7 deg
[step 1100] Applying push: 50.0 N at angle 190.5 deg
[step 1120] Applying push: 50.0 N at angle 252.0 deg
[step 1140] Applying push: 50.0 N at angle 204.0 deg
[step 1160] Applying push: 50.0 N at angle 316.9 deg
[step 1180] Applying push: 50.0 N at angle 39.6 deg
[step 1200] Applying push: 50.0 N at angle 239.2 deg
[step 1220] Applying push: 50.0 N at angle 30.0 deg
[step 1240] Applying push: 50.0 N at angle 236.2 deg
root height right after reset: 1.8148170709609985
termination log: {'Episode_Reward/track_lin_vel_xy_exp': tensor(0.8176, device='cuda:0'), 'Episode_Reward/track_ang_vel_z_exp': tensor(0.9042, device='cuda:0'), 'Episode_Reward/ang_vel_xy_l2': tensor(-0.0088, device='cuda:0'), 'Episode_Reward/dof_torques_l2': tensor(0., device='cuda:0'), 'Episode_Reward/dof_acc_l2': tensor(-0.0078, device='cuda:0'), 'Episode_Reward/action_rate_l2': tensor(-0.0049, device='cuda:0'), 'Episode_Reward/feet_air_time': tensor(0.0196, device='cuda:0'), 'Episode_Reward/flat_orientation_l2': tensor(-0.0033, device='cuda:0'), 'Episode_Reward/dof_pos_limits': tensor(-0.0011, device='cuda:0'), 'Episode_Reward/termination_penalty': tensor(0., device='cuda:0'), 'Episode_Reward/feet_slide': tensor(-0.0145, device='cuda:0'), 'Episode_Reward/joint_deviation_hip': tensor(-0.0210, device='cuda:0'), 'Episode_Reward/joint_deviation_arms': tensor(-0.0247, device='cuda:0'), 'Episode_Reward/joint_deviation_torso': tensor(-0.0048, device='cuda:0'), 'Curriculum/terrain_levels': 8.0, 'Metrics/base_velocity/error_vel_xy': 0.10586558282375336, 'Metrics/base_velocity/error_vel_yaw': 0.06512485444545746, 'Episode_Termination/time_out': 1, 'Episode_Termination/base_contact': 0}
Episode 5 over! Fell: False
[step 1250] Applying push: 50.0 N at angle 163.3 deg
[step 1270] Applying push: 50.0 N at angle 209.4 deg
[step 1290] Applying push: 50.0 N at angle 9.5 deg
[step 1310] Applying push: 50.0 N at angle 234.4 deg
[step 1330] Applying push: 50.0 N at angle 104.7 deg
[step 1350] Applying push: 50.0 N at angle 316.4 deg
[step 1370] Applying push: 50.0 N at angle 2.8 deg
[step 1390] Applying push: 50.0 N at angle 163.5 deg
[step 1410] Applying push: 50.0 N at angle 88.8 deg
[step 1430] Applying push: 50.0 N at angle 118.7 deg
[step 1450] Applying push: 50.0 N at angle 288.1 deg
[step 1470] Applying push: 50.0 N at angle 109.6 deg
[step 1490] Applying push: 50.0 N at angle 158.6 deg
root height right after reset: 1.8148170709609985
termination log: {'Episode_Reward/track_lin_vel_xy_exp': tensor(0.8585, device='cuda:0'), 'Episode_Reward/track_ang_vel_z_exp': tensor(0.9205, device='cuda:0'), 'Episode_Reward/ang_vel_xy_l2': tensor(-0.0095, device='cuda:0'), 'Episode_Reward/dof_torques_l2': tensor(0., device='cuda:0'), 'Episode_Reward/dof_acc_l2': tensor(-0.0115, device='cuda:0'), 'Episode_Reward/action_rate_l2': tensor(-0.0062, device='cuda:0'), 'Episode_Reward/feet_air_time': tensor(0.0215, device='cuda:0'), 'Episode_Reward/flat_orientation_l2': tensor(-0.0026, device='cuda:0'), 'Episode_Reward/dof_pos_limits': tensor(-0.0014, device='cuda:0'), 'Episode_Reward/termination_penalty': tensor(0., device='cuda:0'), 'Episode_Reward/feet_slide': tensor(-0.0158, device='cuda:0'), 'Episode_Reward/joint_deviation_hip': tensor(-0.0247, device='cuda:0'), 'Episode_Reward/joint_deviation_arms': tensor(-0.0256, device='cuda:0'), 'Episode_Reward/joint_deviation_torso': tensor(-0.0056, device='cuda:0'), 'Curriculum/terrain_levels': 8.0, 'Metrics/base_velocity/error_vel_xy': 0.08753923326730728, 'Metrics/base_velocity/error_vel_yaw': 0.060606881976127625, 'Episode_Termination/time_out': 1, 'Episode_Termination/base_contact': 0}
Episode 6 over! Fell: False
[step 1500] Applying push: 50.0 N at angle 55.4 deg
[step 1520] Applying push: 50.0 N at angle 225.6 deg
[step 1540] Applying push: 50.0 N at angle 319.2 deg
[step 1560] Applying push: 50.0 N at angle 178.5 deg
[step 1580] Applying push: 50.0 N at angle 131.5 deg
[step 1600] Applying push: 50.0 N at angle 21.3 deg
[step 1620] Applying push: 50.0 N at angle 277.2 deg
[step 1640] Applying push: 50.0 N at angle 333.2 deg
[step 1660] Applying push: 50.0 N at angle 341.6 deg
[step 1680] Applying push: 50.0 N at angle 261.7 deg
[step 1700] Applying push: 50.0 N at angle 61.8 deg
[step 1720] Applying push: 50.0 N at angle 13.4 deg
[step 1740] Applying push: 50.0 N at angle 294.9 deg
root height right after reset: 2.8113343715667725
termination log: {'Episode_Reward/track_lin_vel_xy_exp': tensor(0.5367, device='cuda:0'), 'Episode_Reward/track_ang_vel_z_exp': tensor(0.7264, device='cuda:0'), 'Episode_Reward/ang_vel_xy_l2': tensor(-0.0511, device='cuda:0'), 'Episode_Reward/dof_torques_l2': tensor(0., device='cuda:0'), 'Episode_Reward/dof_acc_l2': tensor(-0.0788, device='cuda:0'), 'Episode_Reward/action_rate_l2': tensor(-0.0322, device='cuda:0'), 'Episode_Reward/feet_air_time': tensor(0.0173, device='cuda:0'), 'Episode_Reward/flat_orientation_l2': tensor(-0.0476, device='cuda:0'), 'Episode_Reward/dof_pos_limits': tensor(-0.0097, device='cuda:0'), 'Episode_Reward/termination_penalty': tensor(-0.8000, device='cuda:0'), 'Episode_Reward/feet_slide': tensor(-0.0606, device='cuda:0'), 'Episode_Reward/joint_deviation_hip': tensor(-0.0389, device='cuda:0'), 'Episode_Reward/joint_deviation_arms': tensor(-0.0520, device='cuda:0'), 'Episode_Reward/joint_deviation_torso': tensor(-0.0117, device='cuda:0'), 'Curriculum/terrain_levels': 9.0, 'Metrics/base_velocity/error_vel_xy': 0.19911208748817444, 'Metrics/base_velocity/error_vel_yaw': 0.14700527489185333, 'Episode_Termination/time_out': 0, 'Episode_Termination/base_contact': 1}
Episode 7 over! Fell: True
[step 1750] Applying push: 50.0 N at angle 100.1 deg
[step 1770] Applying push: 50.0 N at angle 302.0 deg
[step 1790] Applying push: 50.0 N at angle 81.9 deg
[step 1810] Applying push: 50.0 N at angle 166.4 deg
[step 1830] Applying push: 50.0 N at angle 64.8 deg
[step 1850] Applying push: 50.0 N at angle 207.8 deg
[step 1870] Applying push: 50.0 N at angle 287.4 deg
[step 1890] Applying push: 50.0 N at angle 93.2 deg
[step 1910] Applying push: 50.0 N at angle 136.6 deg
[step 1930] Applying push: 50.0 N at angle 359.2 deg
[step 1950] Applying push: 50.0 N at angle 297.3 deg
[step 1970] Applying push: 50.0 N at angle 135.0 deg
[step 1990] Applying push: 50.0 N at angle 330.7 deg
root height right after reset: 2.8113343715667725
termination log: {'Episode_Reward/track_lin_vel_xy_exp': tensor(0.8831, device='cuda:0'), 'Episode_Reward/track_ang_vel_z_exp': tensor(0.9013, device='cuda:0'), 'Episode_Reward/ang_vel_xy_l2': tensor(-0.0096, device='cuda:0'), 'Episode_Reward/dof_torques_l2': tensor(0., device='cuda:0'), 'Episode_Reward/dof_acc_l2': tensor(-0.0116, device='cuda:0'), 'Episode_Reward/action_rate_l2': tensor(-0.0054, device='cuda:0'), 'Episode_Reward/feet_air_time': tensor(0.0217, device='cuda:0'), 'Episode_Reward/flat_orientation_l2': tensor(-0.0043, device='cuda:0'), 'Episode_Reward/dof_pos_limits': tensor(-0.0019, device='cuda:0'), 'Episode_Reward/termination_penalty': tensor(0., device='cuda:0'), 'Episode_Reward/feet_slide': tensor(-0.0142, device='cuda:0'), 'Episode_Reward/joint_deviation_hip': tensor(-0.0250, device='cuda:0'), 'Episode_Reward/joint_deviation_arms': tensor(-0.0292, device='cuda:0'), 'Episode_Reward/joint_deviation_torso': tensor(-0.0058, device='cuda:0'), 'Curriculum/terrain_levels': 9.0, 'Metrics/base_velocity/error_vel_xy': 0.08096051961183548, 'Metrics/base_velocity/error_vel_yaw': 0.06827540695667267, 'Episode_Termination/time_out': 1, 'Episode_Termination/base_contact': 0}
Episode 8 over! Fell: False
[step 2000] Applying push: 50.0 N at angle 102.8 deg
[step 2020] Applying push: 50.0 N at angle 69.8 deg
[step 2040] Applying push: 50.0 N at angle 48.5 deg
[step 2060] Applying push: 50.0 N at angle 206.2 deg
[step 2080] Applying push: 50.0 N at angle 340.2 deg
[step 2100] Applying push: 50.0 N at angle 344.0 deg
[step 2120] Applying push: 50.0 N at angle 350.9 deg
[step 2140] Applying push: 50.0 N at angle 309.3 deg
[step 2160] Applying push: 50.0 N at angle 292.3 deg
[step 2180] Applying push: 50.0 N at angle 209.3 deg
[step 2200] Applying push: 50.0 N at angle 211.7 deg
[step 2220] Applying push: 50.0 N at angle 286.7 deg
[step 2240] Applying push: 50.0 N at angle 246.5 deg
root height right after reset: 2.8113343715667725
termination log: {'Episode_Reward/track_lin_vel_xy_exp': tensor(0.8390, device='cuda:0'), 'Episode_Reward/track_ang_vel_z_exp': tensor(0.8505, device='cuda:0'), 'Episode_Reward/ang_vel_xy_l2': tensor(-0.0084, device='cuda:0'), 'Episode_Reward/dof_torques_l2': tensor(0., device='cuda:0'), 'Episode_Reward/dof_acc_l2': tensor(-0.0200, device='cuda:0'), 'Episode_Reward/action_rate_l2': tensor(-0.0065, device='cuda:0'), 'Episode_Reward/feet_air_time': tensor(0.0131, device='cuda:0'), 'Episode_Reward/flat_orientation_l2': tensor(-0.0098, device='cuda:0'), 'Episode_Reward/dof_pos_limits': tensor(-0.0065, device='cuda:0'), 'Episode_Reward/termination_penalty': tensor(0., device='cuda:0'), 'Episode_Reward/feet_slide': tensor(-0.0332, device='cuda:0'), 'Episode_Reward/joint_deviation_hip': tensor(-0.0208, device='cuda:0'), 'Episode_Reward/joint_deviation_arms': tensor(-0.0279, device='cuda:0'), 'Episode_Reward/joint_deviation_torso': tensor(-0.0052, device='cuda:0'), 'Curriculum/terrain_levels': 9.0, 'Metrics/base_velocity/error_vel_xy': 0.1048625186085701, 'Metrics/base_velocity/error_vel_yaw': 0.08570832014083862, 'Episode_Termination/time_out': 1, 'Episode_Termination/base_contact': 0}
Episode 9 over! Fell: False
[step 2250] Applying push: 50.0 N at angle 127.7 deg
[step 2270] Applying push: 50.0 N at angle 147.5 deg
[step 2290] Applying push: 50.0 N at angle 331.2 deg
[step 2310] Applying push: 50.0 N at angle 222.7 deg
[step 2330] Applying push: 50.0 N at angle 114.2 deg
[step 2350] Applying push: 50.0 N at angle 82.4 deg
[step 2370] Applying push: 50.0 N at angle 337.5 deg
[step 2390] Applying push: 50.0 N at angle 144.6 deg
[step 2410] Applying push: 50.0 N at angle 172.9 deg
[step 2430] Applying push: 50.0 N at angle 82.2 deg
[step 2450] Applying push: 50.0 N at angle 88.3 deg
[step 2470] Applying push: 50.0 N at angle 144.0 deg
[step 2490] Applying push: 50.0 N at angle 286.6 deg
root height right after reset: 3.0703001022338867
termination log: {'Episode_Reward/track_lin_vel_xy_exp': tensor(0.8013, device='cuda:0'), 'Episode_Reward/track_ang_vel_z_exp': tensor(0.8267, device='cuda:0'), 'Episode_Reward/ang_vel_xy_l2': tensor(-0.0129, device='cuda:0'), 'Episode_Reward/dof_torques_l2': tensor(0., device='cuda:0'), 'Episode_Reward/dof_acc_l2': tensor(-0.0230, device='cuda:0'), 'Episode_Reward/action_rate_l2': tensor(-0.0068, device='cuda:0'), 'Episode_Reward/feet_air_time': tensor(0.0219, device='cuda:0'), 'Episode_Reward/flat_orientation_l2': tensor(-0.0053, device='cuda:0'), 'Episode_Reward/dof_pos_limits': tensor(-0.0052, device='cuda:0'), 'Episode_Reward/termination_penalty': tensor(0., device='cuda:0'), 'Episode_Reward/feet_slide': tensor(-0.0266, device='cuda:0'), 'Episode_Reward/joint_deviation_hip': tensor(-0.0325, device='cuda:0'), 'Episode_Reward/joint_deviation_arms': tensor(-0.0351, device='cuda:0'), 'Episode_Reward/joint_deviation_torso': tensor(-0.0066, device='cuda:0'), 'Curriculum/terrain_levels': 10.0, 'Metrics/base_velocity/error_vel_xy': 0.112053781747818, 'Metrics/base_velocity/error_vel_yaw': 0.09704089909791946, 'Episode_Termination/time_out': 1, 'Episode_Termination/base_contact': 0}
Episode 10 over! Fell: False
[step 2500] Applying push: 50.0 N at angle 356.1 deg
[step 2520] Applying push: 50.0 N at angle 302.8 deg
[step 2540] Applying push: 50.0 N at angle 119.2 deg
[step 2560] Applying push: 50.0 N at angle 151.5 deg
[step 2580] Applying push: 50.0 N at angle 347.6 deg
[step 2600] Applying push: 50.0 N at angle 66.1 deg
[step 2620] Applying push: 50.0 N at angle 67.8 deg
[step 2640] Applying push: 50.0 N at angle 225.2 deg
[step 2660] Applying push: 50.0 N at angle 234.4 deg
[step 2680] Applying push: 50.0 N at angle 282.7 deg
[step 2700] Applying push: 50.0 N at angle 88.0 deg
[step 2720] Applying push: 50.0 N at angle 7.5 deg
[step 2740] Applying push: 50.0 N at angle 58.2 deg
root height right after reset: 3.0703001022338867
termination log: {'Episode_Reward/track_lin_vel_xy_exp': tensor(0.8807, device='cuda:0'), 'Episode_Reward/track_ang_vel_z_exp': tensor(0.8638, device='cuda:0'), 'Episode_Reward/ang_vel_xy_l2': tensor(-0.0074, device='cuda:0'), 'Episode_Reward/dof_torques_l2': tensor(0., device='cuda:0'), 'Episode_Reward/dof_acc_l2': tensor(-0.0145, device='cuda:0'), 'Episode_Reward/action_rate_l2': tensor(-0.0050, device='cuda:0'), 'Episode_Reward/feet_air_time': tensor(0.0152, device='cuda:0'), 'Episode_Reward/flat_orientation_l2': tensor(-0.0064, device='cuda:0'), 'Episode_Reward/dof_pos_limits': tensor(-0.0065, device='cuda:0'), 'Episode_Reward/termination_penalty': tensor(0., device='cuda:0'), 'Episode_Reward/feet_slide': tensor(-0.0243, device='cuda:0'), 'Episode_Reward/joint_deviation_hip': tensor(-0.0231, device='cuda:0'), 'Episode_Reward/joint_deviation_arms': tensor(-0.0291, device='cuda:0'), 'Episode_Reward/joint_deviation_torso': tensor(-0.0068, device='cuda:0'), 'Curriculum/terrain_levels': 10.0, 'Metrics/base_velocity/error_vel_xy': 0.08197521418333054, 'Metrics/base_velocity/error_vel_yaw': 0.08413582295179367, 'Episode_Termination/time_out': 1, 'Episode_Termination/base_contact': 0}
Episode 11 over! Fell: False
[step 2750] Applying push: 50.0 N at angle 301.4 deg
[step 2770] Applying push: 50.0 N at angle 187.2 deg
[step 2790] Applying push: 50.0 N at angle 280.6 deg
[step 2810] Applying push: 50.0 N at angle 153.9 deg
[step 2830] Applying push: 50.0 N at angle 259.6 deg
[step 2850] Applying push: 50.0 N at angle 66.8 deg
[step 2870] Applying push: 50.0 N at angle 16.1 deg
[step 2890] Applying push: 50.0 N at angle 290.3 deg
[step 2910] Applying push: 50.0 N at angle 220.4 deg
[step 2930] Applying push: 50.0 N at angle 326.2 deg
[step 2950] Applying push: 50.0 N at angle 212.6 deg
[step 2970] Applying push: 50.0 N at angle 235.1 deg
[step 2990] Applying push: 50.0 N at angle 148.5 deg
root height right after reset: 3.0703001022338867
termination log: {'Episode_Reward/track_lin_vel_xy_exp': tensor(0.8585, device='cuda:0'), 'Episode_Reward/track_ang_vel_z_exp': tensor(0.8680, device='cuda:0'), 'Episode_Reward/ang_vel_xy_l2': tensor(-0.0074, device='cuda:0'), 'Episode_Reward/dof_torques_l2': tensor(0., device='cuda:0'), 'Episode_Reward/dof_acc_l2': tensor(-0.0096, device='cuda:0'), 'Episode_Reward/action_rate_l2': tensor(-0.0036, device='cuda:0'), 'Episode_Reward/feet_air_time': tensor(0.0138, device='cuda:0'), 'Episode_Reward/flat_orientation_l2': tensor(-0.0092, device='cuda:0'), 'Episode_Reward/dof_pos_limits': tensor(-0.0042, device='cuda:0'), 'Episode_Reward/termination_penalty': tensor(0., device='cuda:0'), 'Episode_Reward/feet_slide': tensor(-0.0224, device='cuda:0'), 'Episode_Reward/joint_deviation_hip': tensor(-0.0227, device='cuda:0'), 'Episode_Reward/joint_deviation_arms': tensor(-0.0261, device='cuda:0'), 'Episode_Reward/joint_deviation_torso': tensor(-0.0048, device='cuda:0'), 'Curriculum/terrain_levels': 10.0, 'Metrics/base_velocity/error_vel_xy': 0.0915326178073883, 'Metrics/base_velocity/error_vel_yaw': 0.08143153786659241, 'Episode_Termination/time_out': 1, 'Episode_Termination/base_contact': 0}
Episode 12 over! Fell: False
[step 3000] Applying push: 50.0 N at angle 25.7 deg
[step 3020] Applying push: 50.0 N at angle 286.5 deg
[step 3040] Applying push: 50.0 N at angle 107.9 deg
[step 3060] Applying push: 50.0 N at angle 250.1 deg
[step 3080] Applying push: 50.0 N at angle 126.8 deg
[step 3100] Applying push: 50.0 N at angle 250.4 deg
[step 3120] Applying push: 50.0 N at angle 84.3 deg
[step 3140] Applying push: 50.0 N at angle 231.4 deg
[step 3160] Applying push: 50.0 N at angle 24.6 deg
[step 3180] Applying push: 50.0 N at angle 241.8 deg
[step 3200] Applying push: 50.0 N at angle 24.4 deg
[step 3220] Applying push: 50.0 N at angle 159.6 deg
[step 3240] Applying push: 50.0 N at angle 160.4 deg
root height right after reset: 3.0703001022338867
termination log: {'Episode_Reward/track_lin_vel_xy_exp': tensor(0.7651, device='cuda:0'), 'Episode_Reward/track_ang_vel_z_exp': tensor(0.7871, device='cuda:0'), 'Episode_Reward/ang_vel_xy_l2': tensor(-0.0124, device='cuda:0'), 'Episode_Reward/dof_torques_l2': tensor(0., device='cuda:0'), 'Episode_Reward/dof_acc_l2': tensor(-0.0145, device='cuda:0'), 'Episode_Reward/action_rate_l2': tensor(-0.0081, device='cuda:0'), 'Episode_Reward/feet_air_time': tensor(0.0153, device='cuda:0'), 'Episode_Reward/flat_orientation_l2': tensor(-0.0311, device='cuda:0'), 'Episode_Reward/dof_pos_limits': tensor(-0.0082, device='cuda:0'), 'Episode_Reward/termination_penalty': tensor(0., device='cuda:0'), 'Episode_Reward/feet_slide': tensor(-0.0301, device='cuda:0'), 'Episode_Reward/joint_deviation_hip': tensor(-0.0305, device='cuda:0'), 'Episode_Reward/joint_deviation_arms': tensor(-0.0365, device='cuda:0'), 'Episode_Reward/joint_deviation_torso': tensor(-0.0071, device='cuda:0'), 'Curriculum/terrain_levels': 10.0, 'Metrics/base_velocity/error_vel_xy': 0.11877423524856567, 'Metrics/base_velocity/error_vel_yaw': 0.1159479171037674, 'Episode_Termination/time_out': 1, 'Episode_Termination/base_contact': 0}
Episode 13 over! Fell: False
[step 3250] Applying push: 50.0 N at angle 312.2 deg
[step 3270] Applying push: 50.0 N at angle 124.7 deg
[step 3290] Applying push: 50.0 N at angle 359.4 deg
[step 3310] Applying push: 50.0 N at angle 25.0 deg
[step 3330] Applying push: 50.0 N at angle 170.1 deg
[step 3350] Applying push: 50.0 N at angle 57.4 deg
[step 3370] Applying push: 50.0 N at angle 279.2 deg
[step 3390] Applying push: 50.0 N at angle 174.9 deg
[step 3410] Applying push: 50.0 N at angle 21.9 deg
[step 3430] Applying push: 50.0 N at angle 12.7 deg
[step 3450] Applying push: 50.0 N at angle 240.9 deg
[step 3470] Applying push: 50.0 N at angle 93.7 deg
[step 3490] Applying push: 50.0 N at angle 306.0 deg
root height right after reset: 3.0703001022338867
termination log: {'Episode_Reward/track_lin_vel_xy_exp': tensor(0.8830, device='cuda:0'), 'Episode_Reward/track_ang_vel_z_exp': tensor(0.8704, device='cuda:0'), 'Episode_Reward/ang_vel_xy_l2': tensor(-0.0093, device='cuda:0'), 'Episode_Reward/dof_torques_l2': tensor(0., device='cuda:0'), 'Episode_Reward/dof_acc_l2': tensor(-0.0142, device='cuda:0'), 'Episode_Reward/action_rate_l2': tensor(-0.0070, device='cuda:0'), 'Episode_Reward/feet_air_time': tensor(0.0177, device='cuda:0'), 'Episode_Reward/flat_orientation_l2': tensor(-0.0064, device='cuda:0'), 'Episode_Reward/dof_pos_limits': tensor(-0.0079, device='cuda:0'), 'Episode_Reward/termination_penalty': tensor(0., device='cuda:0'), 'Episode_Reward/feet_slide': tensor(-0.0245, device='cuda:0'), 'Episode_Reward/joint_deviation_hip': tensor(-0.0231, device='cuda:0'), 'Episode_Reward/joint_deviation_arms': tensor(-0.0330, device='cuda:0'), 'Episode_Reward/joint_deviation_torso': tensor(-0.0069, device='cuda:0'), 'Curriculum/terrain_levels': 10.0, 'Metrics/base_velocity/error_vel_xy': 0.08643122762441635, 'Metrics/base_velocity/error_vel_yaw': 0.07993593066930771, 'Episode_Termination/time_out': 1, 'Episode_Termination/base_contact': 0}
Episode 14 over! Fell: False
[step 3500] Applying push: 50.0 N at angle 329.1 deg
[step 3520] Applying push: 50.0 N at angle 128.6 deg
[step 3540] Applying push: 50.0 N at angle 204.4 deg
[step 3560] Applying push: 50.0 N at angle 160.5 deg
[step 3580] Applying push: 50.0 N at angle 210.3 deg
[step 3600] Applying push: 50.0 N at angle 193.4 deg
[step 3620] Applying push: 50.0 N at angle 114.0 deg
[step 3640] Applying push: 50.0 N at angle 223.9 deg
[step 3660] Applying push: 50.0 N at angle 352.4 deg
[step 3680] Applying push: 50.0 N at angle 101.7 deg
[step 3700] Applying push: 50.0 N at angle 353.1 deg
[step 3720] Applying push: 50.0 N at angle 270.8 deg
[step 3740] Applying push: 50.0 N at angle 211.8 deg
root height right after reset: 3.0703001022338867
termination log: {'Episode_Reward/track_lin_vel_xy_exp': tensor(0.9019, device='cuda:0'), 'Episode_Reward/track_ang_vel_z_exp': tensor(0.8937, device='cuda:0'), 'Episode_Reward/ang_vel_xy_l2': tensor(-0.0074, device='cuda:0'), 'Episode_Reward/dof_torques_l2': tensor(0., device='cuda:0'), 'Episode_Reward/dof_acc_l2': tensor(-0.0094, device='cuda:0'), 'Episode_Reward/action_rate_l2': tensor(-0.0037, device='cuda:0'), 'Episode_Reward/feet_air_time': tensor(0.0173, device='cuda:0'), 'Episode_Reward/flat_orientation_l2': tensor(-0.0029, device='cuda:0'), 'Episode_Reward/dof_pos_limits': tensor(-0.0030, device='cuda:0'), 'Episode_Reward/termination_penalty': tensor(0., device='cuda:0'), 'Episode_Reward/feet_slide': tensor(-0.0135, device='cuda:0'), 'Episode_Reward/joint_deviation_hip': tensor(-0.0205, device='cuda:0'), 'Episode_Reward/joint_deviation_arms': tensor(-0.0242, device='cuda:0'), 'Episode_Reward/joint_deviation_torso': tensor(-0.0051, device='cuda:0'), 'Curriculum/terrain_levels': 10.0, 'Metrics/base_velocity/error_vel_xy': 0.07482477277517319, 'Metrics/base_velocity/error_vel_yaw': 0.07222867012023926, 'Episode_Termination/time_out': 1, 'Episode_Termination/base_contact': 0}
Episode 15 over! Fell: False
[step 3750] Applying push: 50.0 N at angle 271.7 deg
[step 3770] Applying push: 50.0 N at angle 118.7 deg
[step 3790] Applying push: 50.0 N at angle 284.3 deg
[step 3810] Applying push: 50.0 N at angle 72.7 deg
[step 3830] Applying push: 50.0 N at angle 341.7 deg
[step 3850] Applying push: 50.0 N at angle 294.1 deg
[step 3870] Applying push: 50.0 N at angle 57.7 deg
[step 3890] Applying push: 50.0 N at angle 179.3 deg
[step 3910] Applying push: 50.0 N at angle 10.7 deg
[step 3930] Applying push: 50.0 N at angle 84.4 deg
[step 3950] Applying push: 50.0 N at angle 312.3 deg
[step 3970] Applying push: 50.0 N at angle 19.5 deg
[step 3990] Applying push: 50.0 N at angle 243.6 deg
root height right after reset: 2.4470906257629395
termination log: {'Episode_Reward/track_lin_vel_xy_exp': tensor(0.8353, device='cuda:0'), 'Episode_Reward/track_ang_vel_z_exp': tensor(0.7746, device='cuda:0'), 'Episode_Reward/ang_vel_xy_l2': tensor(-0.0178, device='cuda:0'), 'Episode_Reward/dof_torques_l2': tensor(0., device='cuda:0'), 'Episode_Reward/dof_acc_l2': tensor(-0.0230, device='cuda:0'), 'Episode_Reward/action_rate_l2': tensor(-0.0095, device='cuda:0'), 'Episode_Reward/feet_air_time': tensor(0.0199, device='cuda:0'), 'Episode_Reward/flat_orientation_l2': tensor(-0.0140, device='cuda:0'), 'Episode_Reward/dof_pos_limits': tensor(-0.0072, device='cuda:0'), 'Episode_Reward/termination_penalty': tensor(0., device='cuda:0'), 'Episode_Reward/feet_slide': tensor(-0.0267, device='cuda:0'), 'Episode_Reward/joint_deviation_hip': tensor(-0.0375, device='cuda:0'), 'Episode_Reward/joint_deviation_arms': tensor(-0.0397, device='cuda:0'), 'Episode_Reward/joint_deviation_torso': tensor(-0.0098, device='cuda:0'), 'Curriculum/terrain_levels': 11.0, 'Metrics/base_velocity/error_vel_xy': 0.11578459292650223, 'Metrics/base_velocity/error_vel_yaw': 0.11729799956083298, 'Episode_Termination/time_out': 1, 'Episode_Termination/base_contact': 0}
Episode 16 over! Fell: False
[step 4000] Applying push: 50.0 N at angle 154.9 deg
[step 4020] Applying push: 50.0 N at angle 123.4 deg
[step 4040] Applying push: 50.0 N at angle 181.9 deg
[step 4060] Applying push: 50.0 N at angle 18.2 deg
[step 4080] Applying push: 50.0 N at angle 247.0 deg
[step 4100] Applying push: 50.0 N at angle 57.1 deg
[step 4120] Applying push: 50.0 N at angle 298.8 deg
[step 4140] Applying push: 50.0 N at angle 257.8 deg
[step 4160] Applying push: 50.0 N at angle 53.7 deg
[step 4180] Applying push: 50.0 N at angle 115.0 deg
[step 4200] Applying push: 50.0 N at angle 116.9 deg
[step 4220] Applying push: 50.0 N at angle 24.9 deg
[step 4240] Applying push: 50.0 N at angle 310.1 deg
root height right after reset: 2.4470906257629395
termination log: {'Episode_Reward/track_lin_vel_xy_exp': tensor(0.8707, device='cuda:0'), 'Episode_Reward/track_ang_vel_z_exp': tensor(0.8721, device='cuda:0'), 'Episode_Reward/ang_vel_xy_l2': tensor(-0.0097, device='cuda:0'), 'Episode_Reward/dof_torques_l2': tensor(0., device='cuda:0'), 'Episode_Reward/dof_acc_l2': tensor(-0.0101, device='cuda:0'), 'Episode_Reward/action_rate_l2': tensor(-0.0048, device='cuda:0'), 'Episode_Reward/feet_air_time': tensor(0.0187, device='cuda:0'), 'Episode_Reward/flat_orientation_l2': tensor(-0.0050, device='cuda:0'), 'Episode_Reward/dof_pos_limits': tensor(-0.0032, device='cuda:0'), 'Episode_Reward/termination_penalty': tensor(0., device='cuda:0'), 'Episode_Reward/feet_slide': tensor(-0.0187, device='cuda:0'), 'Episode_Reward/joint_deviation_hip': tensor(-0.0271, device='cuda:0'), 'Episode_Reward/joint_deviation_arms': tensor(-0.0295, device='cuda:0'), 'Episode_Reward/joint_deviation_torso': tensor(-0.0060, device='cuda:0'), 'Curriculum/terrain_levels': 11.0, 'Metrics/base_velocity/error_vel_xy': 0.08491891622543335, 'Metrics/base_velocity/error_vel_yaw': 0.07590684294700623, 'Episode_Termination/time_out': 1, 'Episode_Termination/base_contact': 0}
Episode 17 over! Fell: False
[step 4250] Applying push: 50.0 N at angle 160.9 deg
[step 4270] Applying push: 50.0 N at angle 359.1 deg
[step 4290] Applying push: 50.0 N at angle 175.3 deg
[step 4310] Applying push: 50.0 N at angle 110.3 deg
[step 4330] Applying push: 50.0 N at angle 64.2 deg
[step 4350] Applying push: 50.0 N at angle 329.8 deg
[step 4370] Applying push: 50.0 N at angle 224.7 deg
[step 4390] Applying push: 50.0 N at angle 302.5 deg
[step 4410] Applying push: 50.0 N at angle 343.3 deg
[step 4430] Applying push: 50.0 N at angle 186.7 deg
[step 4450] Applying push: 50.0 N at angle 258.0 deg
[step 4470] Applying push: 50.0 N at angle 314.7 deg
[step 4490] Applying push: 50.0 N at angle 298.8 deg
root height right after reset: 2.4470906257629395
termination log: {'Episode_Reward/track_lin_vel_xy_exp': tensor(0.8426, device='cuda:0'), 'Episode_Reward/track_ang_vel_z_exp': tensor(0.8749, device='cuda:0'), 'Episode_Reward/ang_vel_xy_l2': tensor(-0.0103, device='cuda:0'), 'Episode_Reward/dof_torques_l2': tensor(0., device='cuda:0'), 'Episode_Reward/dof_acc_l2': tensor(-0.0119, device='cuda:0'), 'Episode_Reward/action_rate_l2': tensor(-0.0058, device='cuda:0'), 'Episode_Reward/feet_air_time': tensor(0.0188, device='cuda:0'), 'Episode_Reward/flat_orientation_l2': tensor(-0.0055, device='cuda:0'), 'Episode_Reward/dof_pos_limits': tensor(-0.0053, device='cuda:0'), 'Episode_Reward/termination_penalty': tensor(0., device='cuda:0'), 'Episode_Reward/feet_slide': tensor(-0.0199, device='cuda:0'), 'Episode_Reward/joint_deviation_hip': tensor(-0.0225, device='cuda:0'), 'Episode_Reward/joint_deviation_arms': tensor(-0.0279, device='cuda:0'), 'Episode_Reward/joint_deviation_torso': tensor(-0.0059, device='cuda:0'), 'Curriculum/terrain_levels': 11.0, 'Metrics/base_velocity/error_vel_xy': 0.09686092287302017, 'Metrics/base_velocity/error_vel_yaw': 0.08129099756479263, 'Episode_Termination/time_out': 1, 'Episode_Termination/base_contact': 0}
Episode 18 over! Fell: False
[step 4500] Applying push: 50.0 N at angle 109.3 deg
[step 4520] Applying push: 50.0 N at angle 58.1 deg
[step 4540] Applying push: 50.0 N at angle 216.3 deg
[step 4560] Applying push: 50.0 N at angle 237.6 deg
[step 4580] Applying push: 50.0 N at angle 183.7 deg
[step 4600] Applying push: 50.0 N at angle 123.7 deg
[step 4620] Applying push: 50.0 N at angle 327.1 deg
[step 4640] Applying push: 50.0 N at angle 326.9 deg
[step 4660] Applying push: 50.0 N at angle 14.3 deg
[step 4680] Applying push: 50.0 N at angle 47.2 deg
[step 4700] Applying push: 50.0 N at angle 39.1 deg
[step 4720] Applying push: 50.0 N at angle 30.2 deg
[step 4740] Applying push: 50.0 N at angle 104.4 deg
root height right after reset: 2.4470906257629395
termination log: {'Episode_Reward/track_lin_vel_xy_exp': tensor(0.8044, device='cuda:0'), 'Episode_Reward/track_ang_vel_z_exp': tensor(0.7938, device='cuda:0'), 'Episode_Reward/ang_vel_xy_l2': tensor(-0.0128, device='cuda:0'), 'Episode_Reward/dof_torques_l2': tensor(0., device='cuda:0'), 'Episode_Reward/dof_acc_l2': tensor(-0.0216, device='cuda:0'), 'Episode_Reward/action_rate_l2': tensor(-0.0081, device='cuda:0'), 'Episode_Reward/feet_air_time': tensor(0.0175, device='cuda:0'), 'Episode_Reward/flat_orientation_l2': tensor(-0.0104, device='cuda:0'), 'Episode_Reward/dof_pos_limits': tensor(-0.0067, device='cuda:0'), 'Episode_Reward/termination_penalty': tensor(0., device='cuda:0'), 'Episode_Reward/feet_slide': tensor(-0.0303, device='cuda:0'), 'Episode_Reward/joint_deviation_hip': tensor(-0.0312, device='cuda:0'), 'Episode_Reward/joint_deviation_arms': tensor(-0.0325, device='cuda:0'), 'Episode_Reward/joint_deviation_torso': tensor(-0.0060, device='cuda:0'), 'Curriculum/terrain_levels': 11.0, 'Metrics/base_velocity/error_vel_xy': 0.11923018097877502, 'Metrics/base_velocity/error_vel_yaw': 0.11283359676599503, 'Episode_Termination/time_out': 1, 'Episode_Termination/base_contact': 0}
Episode 19 over! Fell: False
[step 4750] Applying push: 50.0 N at angle 277.4 deg
[step 4770] Applying push: 50.0 N at angle 201.1 deg
[step 4790] Applying push: 50.0 N at angle 100.5 deg
[step 4810] Applying push: 50.0 N at angle 128.8 deg
[step 4830] Applying push: 50.0 N at angle 31.6 deg
[step 4850] Applying push: 50.0 N at angle 267.2 deg
[step 4870] Applying push: 50.0 N at angle 205.5 deg
[step 4890] Applying push: 50.0 N at angle 71.5 deg
[step 4910] Applying push: 50.0 N at angle 111.8 deg
[step 4930] Applying push: 50.0 N at angle 30.5 deg
[step 4950] Applying push: 50.0 N at angle 84.5 deg
[step 4970] Applying push: 50.0 N at angle 102.9 deg
[step 4990] Applying push: 50.0 N at angle 160.7 deg
root height right after reset: 2.3235836029052734
termination log: {'Episode_Reward/track_lin_vel_xy_exp': tensor(0.8493, device='cuda:0'), 'Episode_Reward/track_ang_vel_z_exp': tensor(0.8185, device='cuda:0'), 'Episode_Reward/ang_vel_xy_l2': tensor(-0.0142, device='cuda:0'), 'Episode_Reward/dof_torques_l2': tensor(0., device='cuda:0'), 'Episode_Reward/dof_acc_l2': tensor(-0.0240, device='cuda:0'), 'Episode_Reward/action_rate_l2': tensor(-0.0095, device='cuda:0'), 'Episode_Reward/feet_air_time': tensor(0.0207, device='cuda:0'), 'Episode_Reward/flat_orientation_l2': tensor(-0.0073, device='cuda:0'), 'Episode_Reward/dof_pos_limits': tensor(-0.0025, device='cuda:0'), 'Episode_Reward/termination_penalty': tensor(0., device='cuda:0'), 'Episode_Reward/feet_slide': tensor(-0.0191, device='cuda:0'), 'Episode_Reward/joint_deviation_hip': tensor(-0.0300, device='cuda:0'), 'Episode_Reward/joint_deviation_arms': tensor(-0.0361, device='cuda:0'), 'Episode_Reward/joint_deviation_torso': tensor(-0.0069, device='cuda:0'), 'Curriculum/terrain_levels': 12.0, 'Metrics/base_velocity/error_vel_xy': 0.10129211097955704, 'Metrics/base_velocity/error_vel_yaw': 0.1019636020064354, 'Episode_Termination/time_out': 1, 'Episode_Termination/base_contact': 0}
Episode 20 over! Fell: False
===============
UMBC Stairway Terrain under perturbation
===============
Push force (N):  50.0
Push interval (steps):  10
Push duration (steps):  10
Number of episodes:  20
Fall count:  1
Fall rate:  0.05
Length of episode:  [249, 249, 249, 249, 249, 249, 240, 249, 249, 249, 249, 249, 249, 249, 249, 249, 249, 249, 249, 249]
Average length of episode:  248.55
Per episode reward:  [8.18398003000766, 8.542612122022547, 8.068191225640476, 8.278819301864132, 8.2204295033589, 8.451836603577249, 4.538327038637362, 8.462399811251089, 7.8051063837483525, 7.4467194497119635, 8.14958177600056, 8.123366263695061, 6.947255578481418, 8.155424621421844, 8.577095551416278, 7.206459698209073, 8.199360030703247, 8.06862869206816, 7.2470282827853225, 7.655901251360774]
Average reward:  7.816426160798073
Total reward:  156.32852321596147 

